#
# A fatal error has been detected by the Java Runtime Environment:
#
#  EXCEPTION_ACCESS_VIOLATION (0xc0000005) at pc=0x00007ffac148aa83, pid=27860, tid=30600
#
# JRE version: OpenJDK Runtime Environment JBR-21.0.7+6-1038.58-jcef (21.0.7+6) (build 21.0.7+6-b1038.58)
# Java VM: OpenJDK 64-Bit Server VM JBR-21.0.7+6-1038.58-jcef (21.0.7+6-b1038.58, mixed mode, sharing, tiered, compressed oops, compressed class ptrs, g1 gc, windows-amd64)
# Problematic frame:
# C  [ntdll.dll+0xaa83]
#
# No core dump will be written. Minidumps are not enabled by default on client versions of Windows
#
# If you would like to submit a bug report, please visit:
#   https://youtrack.jetbrains.com/issues/JBR
# The crash happened outside the Java Virtual Machine in native code.
# See problematic frame for where to report the bug.
#

---------------  S U M M A R Y ------------

Command Line: -Djava.net.preferIPv4Stack=true -Djava.net.preferIPv4Stack=true -Djava.rmi.server.hostname=127.0.0.1 -Duser.timezone=UTC -Xmx2048m -Xms128m -Djdbc.classpath=C:\Users\USER\AppData\Local\Temp\RemoteDriver10.classpath.txt --add-exports=java.desktop/sun.awt=ALL-UNNAMED --add-exports=java.desktop/java.awt.peer=ALL-UNNAMED --add-opens=java.desktop/java.awt=ALL-UNNAMED --add-opens=jdk.unsupported/sun.misc=ALL-UNNAMED --add-opens=java.base/java.nio=ALL-UNNAMED --add-opens=java.base/java.util=ALL-UNNAMED -Dfile.encoding=UTF-8 -Dsun.stdout.encoding=UTF-8 -Dsun.stderr.encoding=UTF-8 com.intellij.database.remote.RemoteJdbcServer org.postgresql.Driver

Host: AMD Ryzen 7 260 w/ Radeon 780M Graphics, 16 cores, 31G,  Windows 11 , 64 bit Build 26100 (10.0.26100.7623)
Time: Tue Jan 27 14:50:33 2026  Windows 11 , 64 bit Build 26100 (10.0.26100.7623) elapsed time: 21.614110 seconds (0d 0h 0m 21s)

---------------  T H R E A D  ---------------

Current thread (0x0000028df854f950):  JavaThread "RMI TCP Connection(3)-127.0.0.1" daemon [_thread_in_native, id=30600, stack(0x0000009e22100000,0x0000009e22200000) (1024K)]

Stack: [0x0000009e22100000,0x0000009e22200000],  sp=0x0000009e221fdb70,  free space=1014k
Native frames: (J=compiled Java code, j=interpreted, Vv=VM code, C=native code)
C  [ntdll.dll+0xaa83]
C  [ntdll.dll+0xc5ff]
C  [ntdll.dll+0xd872]
C  [mswsock.dll+0x1522]

Java frames: (J=compiled Java code, j=interpreted, Vv=VM code)
j  sun.nio.ch.SocketDispatcher.close0(I)V+0 java.base@21.0.7
j  sun.nio.ch.SocketDispatcher.invalidateAndClose(Ljava/io/FileDescriptor;)V+42 java.base@21.0.7
j  sun.nio.ch.SocketDispatcher.close(Ljava/io/FileDescriptor;)V+1 java.base@21.0.7
j  sun.nio.ch.NioSocketImpl.lambda$closerFor$0(Ljava/io/FileDescriptor;)V+4 java.base@21.0.7
j  sun.nio.ch.NioSocketImpl$$Lambda+0x0000028db405cc28.run()V+4 java.base@21.0.7
j  jdk.internal.ref.CleanerImpl$PhantomCleanableRef.performCleanup()V+4 java.base@21.0.7
j  jdk.internal.ref.PhantomCleanable.clean()V+12 java.base@21.0.7
j  sun.nio.ch.NioSocketImpl.tryClose()Z+54 java.base@21.0.7
j  sun.nio.ch.NioSocketImpl.close()V+89 java.base@21.0.7
j  sun.nio.ch.NioSocketImpl.connect(Ljava/net/SocketAddress;I)V+279 java.base@21.0.7
j  java.net.SocksSocketImpl.connect(Ljava/net/SocketAddress;I)V+410 java.base@21.0.7
j  java.net.Socket.connect(Ljava/net/SocketAddress;I)V+167 java.base@21.0.7
j  org.postgresql.core.PGStream.createSocket(I)Ljava/net/Socket;+105
j  org.postgresql.core.PGStream.<init>(Ljavax/net/SocketFactory;Lorg/postgresql/util/HostSpec;I)V+35
j  org.postgresql.core.v3.ConnectionFactoryImpl.tryConnect(Ljava/util/Properties;Ljavax/net/SocketFactory;Lorg/postgresql/util/HostSpec;Lorg/postgresql/jdbc/SslMode;Lorg/postgresql/jdbc/GSSEncMode;)Lorg/postgresql/core/PGStream;+89
j  org.postgresql.core.v3.ConnectionFactoryImpl.openConnectionImpl([Lorg/postgresql/util/HostSpec;Ljava/util/Properties;)Lorg/postgresql/core/QueryExecutor;+233
j  org.postgresql.core.ConnectionFactory.openConnection([Lorg/postgresql/util/HostSpec;Ljava/util/Properties;)Lorg/postgresql/core/QueryExecutor;+39
j  org.postgresql.jdbc.PgConnection.<init>([Lorg/postgresql/util/HostSpec;Ljava/util/Properties;Ljava/lang/String;)V+126
j  org.postgresql.Driver.makeConnection(Ljava/lang/String;Ljava/util/Properties;)Ljava/sql/Connection;+10
j  org.postgresql.Driver.connect(Ljava/lang/String;Ljava/util/Properties;)Ljava/sql/Connection;+243
j  com.intellij.database.remote.jdbc.helpers.JdbcHelperImpl.connect(Ljava/sql/Driver;Ljava/lang/String;Ljava/util/Properties;Ljava/util/Map;)Ljava/sql/Connection;+254
j  com.intellij.database.remote.jdbc.impl.RemoteDriverImpl.connect(Ljava/lang/String;Ljava/util/Properties;Ljava/util/Map;)Lcom/intellij/database/remote/jdbc/RemoteConnection;+63
j  java.lang.invoke.LambdaForm$DMH+0x0000028db40b0c00.invokeInterface(Ljava/lang/Object;Ljava/lang/Object;Ljava/lang/Object;Ljava/lang/Object;Ljava/lang/Object;)Ljava/lang/Object;+29 java.base@21.0.7
j  java.lang.invoke.LambdaForm$MH+0x0000028db40b1c00.invoke(Ljava/lang/Object;Ljava/lang/Object;Ljava/lang/Object;Ljava/lang/Object;Ljava/lang/Object;)Ljava/lang/Object;+93 java.base@21.0.7
j  java.lang.invoke.LambdaForm$MH+0x0000028db40b2000.invokeExact_MT(Ljava/lang/Object;Ljava/lang/Object;Ljava/lang/Object;Ljava/lang/Object;Ljava/lang/Object;Ljava/lang/Object;)Ljava/lang/Object;+24 java.base@21.0.7
j  jdk.internal.reflect.DirectMethodHandleAccessor.invokeImpl(Ljava/lang/Object;[Ljava/lang/Object;)Ljava/lang/Object;+92 java.base@21.0.7
j  jdk.internal.reflect.DirectMethodHandleAccessor.invoke(Ljava/lang/Object;[Ljava/lang/Object;)Ljava/lang/Object;+23 java.base@21.0.7
j  java.lang.reflect.Method.invoke(Ljava/lang/Object;[Ljava/lang/Object;)Ljava/lang/Object;+102 java.base@21.0.7
j  sun.rmi.server.UnicastServerRef.dispatch(Ljava/rmi/Remote;Ljava/rmi/server/RemoteCall;)V+264 java.rmi@21.0.7
j  sun.rmi.transport.Transport$1.run()Ljava/lang/Void;+23 java.rmi@21.0.7
j  sun.rmi.transport.Transport$1.run()Ljava/lang/Object;+1 java.rmi@21.0.7
j  java.security.AccessController.executePrivileged(Ljava/security/PrivilegedExceptionAction;Ljava/security/AccessControlContext;Ljava/lang/Class;)Ljava/lang/Object;+29 java.base@21.0.7
j  java.security.AccessController.doPrivileged(Ljava/security/PrivilegedExceptionAction;Ljava/security/AccessControlContext;)Ljava/lang/Object;+13 java.base@21.0.7
j  sun.rmi.transport.Transport.serviceCall(Ljava/rmi/server/RemoteCall;)Z+164 java.rmi@21.0.7
j  sun.rmi.transport.tcp.TCPTransport.handleMessages(Lsun/rmi/transport/Connection;Z)V+145 java.rmi@21.0.7
j  sun.rmi.transport.tcp.TCPTransport$ConnectionHandler.run0()V+522 java.rmi@21.0.7
j  sun.rmi.transport.tcp.TCPTransport$ConnectionHandler.lambda$run$0()Ljava/lang/Void;+1 java.rmi@21.0.7
j  sun.rmi.transport.tcp.TCPTransport$ConnectionHandler$$Lambda+0x0000028db4061758.run()Ljava/lang/Object;+4 java.rmi@21.0.7
J 968 c1 java.security.AccessController.executePrivileged(Ljava/security/PrivilegedAction;Ljava/security/AccessControlContext;Ljava/lang/Class;)Ljava/lang/Object; java.base@21.0.7 (65 bytes) @ 0x0000028d9caa37c4 [0x0000028d9caa3660+0x0000000000000164]
j  java.security.AccessController.doPrivileged(Ljava/security/PrivilegedAction;Ljava/security/AccessControlContext;)Ljava/lang/Object;+13 java.base@21.0.7
j  sun.rmi.transport.tcp.TCPTransport$ConnectionHandler.run()V+37 java.rmi@21.0.7
j  java.util.concurrent.ThreadPoolExecutor.runWorker(Ljava/util/concurrent/ThreadPoolExecutor$Worker;)V+92 java.base@21.0.7
j  java.util.concurrent.ThreadPoolExecutor$Worker.run()V+5 java.base@21.0.7
j  java.lang.Thread.runWith(Ljava/lang/Object;Ljava/lang/Runnable;)V+5 java.base@21.0.7
j  java.lang.Thread.run()V+19 java.base@21.0.7
v  ~StubRoutines::call_stub 0x0000028da3d610e7

siginfo: EXCEPTION_ACCESS_VIOLATION (0xc0000005), writing address 0x0000000000000024


Registers:
RAX=0x0000000000000000, RBX=0x0000000000000000, RCX=0x0000028df8606500, RDX=0x00000000fffffffa
RSP=0x0000009e221fdb70, RBP=0x0000009e221fdc09, RSI=0x0000000000000000, RDI=0x0000028df8606500
R8 =0x0000000000000000, R9 =0x0000028df8606508, R10=0x0000000000000001, R11=0x0000000000000001
R12=0x000048bdfe60559c, R13=0x0000028df834ac00, R14=0x00000000fffffffa, R15=0x000048bdfe605316
RIP=0x00007ffac148aa83, EFLAGS=0x0000000000010213

XMM[0]=0x0000000000000000 0x0000000000000000
XMM[1]=0x0000000000000000 0x0000000000000000
XMM[2]=0x7463656e6e6f6320 0x3a74756f2064656d
XMM[3]=0x0000009e221fc710 0x0000028db2f93600
XMM[4]=0x0000000000000000 0x0000009e221fd810
XMM[5]=0x6e6a5c736d697270 0x5c65726168735c74
XMM[6]=0x0000000000000000 0x5447d83344493af1
XMM[7]=0x0000000000000000 0x7f4881ef5486ab2d
XMM[8]=0x0000000000000000 0xf852d974fbd6b3fb
XMM[9]=0x0000000000000000 0x4a6e1abe3a440b5d
XMM[10]=0x0000000000000000 0x00000000efd5f09f
XMM[11]=0x0000000000000000 0x4931828883758de5
XMM[12]=0x0000000000000000 0x000000003a440b5d
XMM[13]=0x0000000000000000 0x0000000000000000
XMM[14]=0x0000000000000000 0x0000000000000000
XMM[15]=0x0000000000000000 0x0000000000000000
  MXCSR=0x00001fa0


Register to memory mapping:

RAX=0x0 is null
RBX=0x0 is null
RCX=0x0000028df8606500 points into unknown readable memory: 0x0000000000000000 | 00 00 00 00 00 00 00 00
RDX=0x00000000fffffffa is an unallocated location in the heap
RSP=0x0000009e221fdb70 is pointing into the stack for thread: 0x0000028df854f950
RBP=0x0000009e221fdc09 is pointing into the stack for thread: 0x0000028df854f950
RSI=0x0 is null
RDI=0x0000028df8606500 points into unknown readable memory: 0x0000000000000000 | 00 00 00 00 00 00 00 00
R8 =0x0 is null
R9 =0x0000028df8606508 points into unknown readable memory: 0x00000000fffffffa | fa ff ff ff 00 00 00 00
R10=0x0000000000000001 is an unknown value
R11=0x0000000000000001 is an unknown value
R12=0x000048bdfe60559c is an unknown value
R13=0x0000028df834ac00 points into unknown readable memory: 0x0000028df834acc0 | c0 ac 34 f8 8d 02 00 00
R14=0x00000000fffffffa is an unallocated location in the heap
R15=0x000048bdfe605316 is an unknown value

Top of Stack: (sp=0x0000009e221fdb70)
0x0000009e221fdb70:   ffffffffffffffff 0000000000000000
0x0000009e221fdb80:   0000028db1f45eb0 0000028df82c4c80
0x0000009e221fdb90:   0000028df82c4c90 0000028df82c5068
0x0000009e221fdba0:   00000000000003d8 0000028df82efff8
0x0000009e221fdbb0:   0000000000000000 0000003400000000
0x0000009e221fdbc0:   0000000000000073 0000000000000000
0x0000009e221fdbd0:   0000000000000000 0000000000000000
0x0000009e221fdbe0:   0000028d964f0108 00000000000000a7
0x0000009e221fdbf0:   0000000000000200 0000009e1fff7000
0x0000009e221fdc00:   0000028df82effe0 0000028df82f0101
0x0000009e221fdc10:   0000028df82f00c8 0000009e221fdbc0
0x0000009e221fdc20:   0000009e221fdc08 0000000800000002
0x0000009e221fdc30:   000065eae1a6811e 0000c477d41ddfbc
0x0000009e221fdc40:   000048bdfe605316 0000028df8606500
0x0000009e221fdc50:   0000028df834acc0 000048bdfe60559c
0x0000009e221fdc60:   0000000000000001 00007ffac148c5ff
0x0000009e221fdc70:   0000028df854f950 0000000000000000
0x0000009e221fdc80:   0000000000000500 0000000000000000
0x0000009e221fdc90:   0000028db24a3a50 0000009e221fdd90
0x0000009e221fdca0:   0000028df854f950 0000028df854f950
0x0000009e221fdcb0:   0000028df834acc0 00000000000005b0
0x0000009e221fdcc0:   0000000000000001 0000028df8606500
0x0000009e221fdcd0:   0000000000000000 0000028df8606500
0x0000009e221fdce0:   0000028d963e0880 00007ffac148d872
0x0000009e221fdcf0:   0000028df8606500 0000028d963e0800
0x0000009e221fdd00:   00007ff9ed35ef00 0000009e221fde60
0x0000009e221fdd10:   000000000000023c 00007ff9ecc12eba
0x0000009e221fdd20:   0000000000000000 00007ffabd891522
0x0000009e221fdd30:   0000028df8606420 00000000000003d8
0x0000009e221fdd40:   0000009e221fde60 0000000000000000
0x0000009e221fdd50:   0000000000000000 0000028d00000000
0x0000009e221fdd60:   0000028df82f0000 00007ff9ecbf4ae6 

Instructions: (pc=0x00007ffac148aa83)
0x00007ffac148a983:   01 00 00 48 8b b5 40 01 00 00 48 8b bd 48 01 00
0x00007ffac148a993:   00 48 8d a5 10 01 00 00 41 5f 41 5e 5d c3 cc 45
0x00007ffac148a9a3:   33 c0 48 8b d7 48 8b ce eb 03 41 b0 01 e8 6b a0
0x00007ffac148a9b3:   15 00 8b d8 8b cb e8 b2 32 00 00 cc cc cc cc cc
0x00007ffac148a9c3:   cc cc cc cc cc cc cc cc cc cc cc cc cc 48 89 5c
0x00007ffac148a9d3:   24 10 48 89 74 24 18 48 89 7c 24 20 55 41 54 41
0x00007ffac148a9e3:   55 41 56 41 57 48 8d 6c 24 c9 48 81 ec d0 00 00
0x00007ffac148a9f3:   00 48 8b 05 9d eb 1d 00 48 33 c4 48 89 45 2f 65
0x00007ffac148aa03:   48 8b 04 25 30 00 00 00 48 8b f9 33 db 48 89 45
0x00007ffac148aa13:   ef 48 8d 0d 7d 1e 1c 00 89 5d a7 45 32 ed 44 8b
0x00007ffac148aa23:   f2 48 3b f9 75 0d 41 b5 01 c7 80 60 17 00 00 01
0x00007ffac148aa33:   00 00 00 38 1d ec 7e 1c 00 0f 85 c8 05 00 00 39
0x00007ffac148aa43:   1d 88 7e 1c 00 0f 85 8b 05 00 00 38 1d b4 7d 1c
0x00007ffac148aa53:   00 48 8d 35 b5 7d 1c 00 48 0f 45 f3 48 39 5f 18
0x00007ffac148aa63:   75 08 48 8b cf e8 13 06 00 00 48 83 3f ff 0f 84
0x00007ffac148aa73:   3d 02 00 00 48 8b 07 89 5d ab 48 83 f8 ff 74 03
0x00007ffac148aa83:   ff 40 24 4c 8b 7f 18 4c 8d 67 10 4c 89 7d e7 49
0x00007ffac148aa93:   8b dc 48 89 5d af e8 32 16 03 00 85 c0 0f 85 f2
0x00007ffac148aaa3:   01 00 00 49 8b dc b9 82 03 fe 7f 48 89 5d af 80
0x00007ffac148aab3:   39 00 0f 85 fa 03 00 00 49 83 ff ff 0f 85 23 01
0x00007ffac148aac3:   00 00 4c 8d 67 08 45 33 d2 4c 89 55 bf 48 c7 45
0x00007ffac148aad3:   df 01 00 00 00 4c 89 65 b7 4c 89 55 cf 4c 89 55
0x00007ffac148aae3:   c7 4c 89 55 d7 65 48 8b 0c 25 30 00 00 00 48 8b
0x00007ffac148aaf3:   41 48 48 89 45 bf 49 8b c4 4c 8b 79 60 49 81 c7
0x00007ffac148ab03:   a0 03 00 00 48 c1 e8 05 83 e0 7f 49 8b 0c c7 4d
0x00007ffac148ab13:   8d 04 c7 48 8d 45 b7 48 8b d9 48 33 d8 48 8b d1
0x00007ffac148ab23:   48 83 e3 fc 48 8d 45 b7 48 33 d9 48 83 e2 fc 48
0x00007ffac148ab33:   85 d2 48 89 55 c7 49 0f 45 c2 48 89 45 d7 48 8b
0x00007ffac148ab43:   c3 48 83 c8 02 48 85 d2 48 0f 45 d8 48 8b c1 f0
0x00007ffac148ab53:   49 0f b1 18 0f 85 db 01 00 00 32 d9 f6 c3 02 74
0x00007ffac148ab63:   60 49 8b 00 48 8b c8 48 83 e1 fc 48 8b d9 48 83
0x00007ffac148ab73:   79 20 00 0f 84 04 01 00 00 48 8b 53 20 48 89 51 


Stack slot to memory mapping:

stack at sp + 0 slots: 0xffffffffffffffff is an unknown value
stack at sp + 1 slots: 0x0 is null
stack at sp + 2 slots: 0x0000028db1f45eb0 points into unknown readable memory: 0x0000000000000002 | 02 00 00 00 00 00 00 00
stack at sp + 3 slots: 0x0000028df82c4c80 points into unknown readable memory: 0x0000000000000000 | 00 00 00 00 00 00 00 00
stack at sp + 4 slots: 0x0000028df82c4c90 points into unknown readable memory: 0x6e616c2e6176616a | 6a 61 76 61 2e 6c 61 6e
stack at sp + 5 slots: 0x0000028df82c5068 points into unknown readable memory: 0xffffffffffffffff | ff ff ff ff ff ff ff ff
stack at sp + 6 slots: 0x00000000000003d8 is an unknown value
stack at sp + 7 slots: 0x0000028df82efff8 points into unknown readable memory: 0x0000000087d93d38 | 38 3d d9 87 00 00 00 00


Compiled method (c1) 21676  968       3       java.security.AccessController::executePrivileged (65 bytes)
 total in heap  [0x0000028d9caa3490,0x0000028d9caa3a80] = 1520
 relocation     [0x0000028d9caa35f0,0x0000028d9caa3658] = 104
 main code      [0x0000028d9caa3660,0x0000028d9caa3908] = 680
 stub code      [0x0000028d9caa3908,0x0000028d9caa3960] = 88
 metadata       [0x0000028d9caa3960,0x0000028d9caa3970] = 16
 scopes data    [0x0000028d9caa3970,0x0000028d9caa39e8] = 120
 scopes pcs     [0x0000028d9caa39e8,0x0000028d9caa3a68] = 128
 dependencies   [0x0000028d9caa3a68,0x0000028d9caa3a70] = 8
 nul chk table  [0x0000028d9caa3a70,0x0000028d9caa3a80] = 16

[Constant Pool (empty)]

[MachCode]
[Verified Entry Point]
  # {method} {0x0000028db2b29700} 'executePrivileged' '(Ljava/security/PrivilegedAction;Ljava/security/AccessControlContext;Ljava/lang/Class;)Ljava/lang/Object;' in 'java/security/AccessController'
  # parm0:    rdx:rdx   = 'java/security/PrivilegedAction'
  # parm1:    r8:r8     = 'java/security/AccessControlContext'
  # parm2:    r9:r9     = 'java/lang/Class'
  #           [sp+0x50]  (sp of caller)
  0x0000028d9caa3660: 8984 2400 | 80ff ff55 | 4883 ec40 | 4181 7f20 | 0100 0000 

  0x0000028d9caa3674: ;   {runtime_call StubRoutines (final stubs)}
  0x0000028d9caa3674: 7405 e845 | 262f 074c | 8944 2430 

  0x0000028d9caa3680: ;   {metadata(method data for {method} {0x0000028db2b29700} 'executePrivileged' '(Ljava/security/PrivilegedAction;Ljava/security/AccessControlContext;Ljava/lang/Class;)Ljava/lang/Object;' in 'java/security/AccessController')}
  0x0000028d9caa3680: 48be c0a2 | 08f4 8d02 | 0000 8bbe | cc00 0000 | 83c7 0289 | becc 0000 | 0081 e7fe | 0700 0085 
  0x0000028d9caa36a0: ff0f 84bf | 0100 004d 

  0x0000028d9caa36a8: ;   {metadata(method data for {method} {0x0000028db2b29700} 'executePrivileged' '(Ljava/security/PrivilegedAction;Ljava/security/AccessControlContext;Ljava/lang/Class;)Ljava/lang/Object;' in 'java/security/AccessController')}
  0x0000028d9caa36a8: 85c0 48be | c0a2 08f4 | 8d02 0000 | 48c7 c710 | 0100 0074 | 0748 c7c7 | 2001 0000 | 488b 1c3e 
  0x0000028d9caa36c8: 488d 5b01 | 4889 1c3e | 4c89 4c24 | 2848 8954 | 2420 0f84 | 2400 0000 

  0x0000028d9caa36e0: ;   {metadata(method data for {method} {0x0000028db2b29700} 'executePrivileged' '(Ljava/security/PrivilegedAction;Ljava/security/AccessControlContext;Ljava/lang/Class;)Ljava/lang/Object;' in 'java/security/AccessController')}
  0x0000028d9caa36e0: 48be c0a2 | 08f4 8d02 | 0000 4883 | 8630 0100 | 0001 498b 

  0x0000028d9caa36f4: ;   {static_call}
  0x0000028d9caa36f4: d066 90e8 

  0x0000028d9caa36f8: ; ImmutableOopMap {[32]=Oop [40]=Oop [48]=Oop }
                      ;*invokestatic ensureMaterializedForStackWalk {reexecute=0 rethrow=0 return_oop=0}
                      ; - java.security.AccessController::executePrivileged@5 (line 774)
  0x0000028d9caa36f8: 2002 0000 

  0x0000028d9caa36fc: ;   {other}
  0x0000028d9caa36fc: 0f1f 8400 | 6c02 0000 

  0x0000028d9caa3704: ;   {metadata(method data for {method} {0x0000028db2b29700} 'executePrivileged' '(Ljava/security/PrivilegedAction;Ljava/security/AccessControlContext;Ljava/lang/Class;)Ljava/lang/Object;' in 'java/security/AccessController')}
  0x0000028d9caa3704: 48ba c0a2 | 08f4 8d02 | 0000 ff82 | 4001 0000 | 488b 5424 | 2048 3b02 

  0x0000028d9caa371c: ;   {metadata(method data for {method} {0x0000028db2b29700} 'executePrivileged' '(Ljava/security/PrivilegedAction;Ljava/security/AccessControlContext;Ljava/lang/Class;)Ljava/lang/Object;' in 'java/security/AccessController')}
  0x0000028d9caa371c: 488b f248 | bfc0 a208 | f48d 0200 | 008b 7608 | 49ba 0000 | 00b2 8d02 | 0000 4903 | f248 3bb7 
  0x0000028d9caa373c: b001 0000 | 750d 4883 | 87b8 0100 | 0001 e960 | 0000 0048 | 3bb7 c001 | 0000 750d | 4883 87c8 
  0x0000028d9caa375c: 0100 0001 | e94a 0000 | 0048 83bf | b001 0000 | 0075 1748 | 89b7 b001 | 0000 48c7 | 87b8 0100 
  0x0000028d9caa377c: 0001 0000 | 00e9 2900 | 0000 4883 | bfc0 0100 | 0000 7517 | 4889 b7c0 | 0100 0048 | c787 c801 
  0x0000028d9caa379c: 0000 0100 | 0000 e908 | 0000 0048 | 8387 a001 | 0000 0166 | 0f1f 4400 | 0048 b870 | b616 f88d 
  0x0000028d9caa37bc: ;   {virtual_call}
  0x0000028d9caa37bc: 0200 00e8 

  0x0000028d9caa37c0: ; ImmutableOopMap {[40]=Oop [48]=Oop }
                      ;*invokeinterface run {reexecute=0 rethrow=0 return_oop=0}
                      ; - java.security.AccessController::executePrivileged@29 (line 778)
  0x0000028d9caa37c0: ccea 3e07 

  0x0000028d9caa37c4: ;   {other}
  0x0000028d9caa37c4: 0f1f 8400 | 3403 0001 

  0x0000028d9caa37cc: ;   {metadata(method data for {method} {0x0000028db2b29700} 'executePrivileged' '(Ljava/security/PrivilegedAction;Ljava/security/AccessControlContext;Ljava/lang/Class;)Ljava/lang/Object;' in 'java/security/AccessController')}
  0x0000028d9caa37cc: 48be c0a2 | 08f4 8d02 | 0000 ff86 | d801 0000 | 4c8b 4c24 

  0x0000028d9caa37e0: ;   {metadata(method data for {method} {0x0000028db2b29700} 'executePrivileged' '(Ljava/security/PrivilegedAction;Ljava/security/AccessControlContext;Ljava/lang/Class;)Ljava/lang/Object;' in 'java/security/AccessController')}
  0x0000028d9caa37e0: 2848 bec0 | a208 f48d | 0200 0048 | 8386 3802 

  0x0000028d9caa37f0: ;   {metadata(method data for {method} {0x0000028db2046b88} 'reachabilityFence' '(Ljava/lang/Object;)V' in 'java/lang/ref/Reference')}
  0x0000028d9caa37f0: 0000 0148 | be70 3505 | f48d 0200 | 008b becc | 0000 0083 | c702 89be | cc00 0000 | 81e7 feff 
  0x0000028d9caa3810: 1f00 85ff | 0f84 7200 

  0x0000028d9caa3818: ;   {metadata(method data for {method} {0x0000028db2b29700} 'executePrivileged' '(Ljava/security/PrivilegedAction;Ljava/security/AccessControlContext;Ljava/lang/Class;)Ljava/lang/Object;' in 'java/security/AccessController')}
  0x0000028d9caa3818: 0000 48be | c0a2 08f4 | 8d02 0000 | 4883 8648 | 0200 0001 

  0x0000028d9caa382c: ;   {metadata(method data for {method} {0x0000028db2046b88} 'reachabilityFence' '(Ljava/lang/Object;)V' in 'java/lang/ref/Reference')}
  0x0000028d9caa382c: 48be 7035 | 05f4 8d02 | 0000 8bbe | cc00 0000 | 83c7 0289 | becc 0000 | 0081 e7fe | ff1f 0085 
  0x0000028d9caa384c: ff0f 845a | 0000 0048 | 83c4 405d 

  0x0000028d9caa3858: ;   {poll_return}
  0x0000028d9caa3858: 493b a748 | 0400 000f | 8766 0000 

  0x0000028d9caa3864: ;   {metadata({method} {0x0000028db2b29700} 'executePrivileged' '(Ljava/security/PrivilegedAction;Ljava/security/AccessControlContext;Ljava/lang/Class;)Ljava/lang/Object;' in 'java/security/AccessController')}
  0x0000028d9caa3864: 00c3 49ba | f896 b2b2 | 8d02 0000 | 4c89 5424 | 0848 c704 | 24ff ffff 

  0x0000028d9caa387c: ;   {runtime_call counter_overflow Runtime1 stub}
  0x0000028d9caa387c: ffe8 feb6 

  0x0000028d9caa3880: ; ImmutableOopMap {rdx=Oop r8=Oop r9=Oop [48]=Oop }
                      ;*synchronization entry
                      ; - java.security.AccessController::executePrivileged@-1 (line 773)
  0x0000028d9caa3880: 3e07 e920 

  0x0000028d9caa3884: ;   {runtime_call throw_null_pointer_exception Runtime1 stub}
  0x0000028d9caa3884: feff ffe8 

  0x0000028d9caa3888: ; ImmutableOopMap {rdx=Oop [40]=Oop [48]=Oop }
                      ;*invokeinterface run {reexecute=0 rethrow=0 return_oop=0}
                      ; - java.security.AccessController::executePrivileged@29 (line 778)
  0x0000028d9caa3888: 1448 3e07 

  0x0000028d9caa388c: ;   {metadata({method} {0x0000028db2046b88} 'reachabilityFence' '(Ljava/lang/Object;)V' in 'java/lang/ref/Reference')}
  0x0000028d9caa388c: 49ba 806b | 04b2 8d02 | 0000 4c89 | 5424 0848 | c704 24ff 

  0x0000028d9caa38a0: ;   {runtime_call counter_overflow Runtime1 stub}
  0x0000028d9caa38a0: ffff ffe8 

  0x0000028d9caa38a4: ; ImmutableOopMap {rax=Oop r9=Oop }
                      ;*synchronization entry
                      ; - java.lang.ref.Reference::reachabilityFence@-1 (line 628)
                      ; - java.security.AccessController::executePrivileged@56 (line 783)
  0x0000028d9caa38a4: d8b6 3e07 | e96d ffff 

  0x0000028d9caa38ac: ;   {metadata({method} {0x0000028db2046b88} 'reachabilityFence' '(Ljava/lang/Object;)V' in 'java/lang/ref/Reference')}
  0x0000028d9caa38ac: ff49 ba80 | 6b04 b28d | 0200 004c | 8954 2408 | 48c7 0424 | ffff ffff 

  0x0000028d9caa38c4: ;   {runtime_call counter_overflow Runtime1 stub}
  0x0000028d9caa38c4: e8b7 b63e 

  0x0000028d9caa38c8: ; ImmutableOopMap {rax=Oop }
                      ;*synchronization entry
                      ; - java.lang.ref.Reference::reachabilityFence@-1 (line 628)
                      ; - java.security.AccessController::executePrivileged@60 (line 784)
                      ;   {internal_word}
  0x0000028d9caa38c8: 07eb 8849 | ba58 38aa | 9c8d 0200 | 004d 8997 | 6004 0000 

  0x0000028d9caa38dc: ;   {runtime_call SafepointBlob}
  0x0000028d9caa38dc: e99f 3231 | 0749 8b87 | f804 0000 | 49c7 87f8 | 0400 0000 | 0000 0049 | c787 0005 | 0000 0000 
  0x0000028d9caa38fc: 0000 4883 

  0x0000028d9caa3900: ;   {runtime_call unwind_exception Runtime1 stub}
  0x0000028d9caa3900: c440 5de9 | 7832 3e07 
[Stub Code]
  0x0000028d9caa3908: ;   {no_reloc}
  0x0000028d9caa3908: 0f1f 4400 

  0x0000028d9caa390c: ;   {static_stub}
  0x0000028d9caa390c: 0048 bb00 | 0000 0000 

  0x0000028d9caa3914: ;   {runtime_call nmethod}
  0x0000028d9caa3914: 0000 00e9 | fbff ffff 

  0x0000028d9caa391c: ;   {static_stub}
  0x0000028d9caa391c: 48bb a894 | b2b2 8d02 

  0x0000028d9caa3924: ;   {runtime_call I2C/C2I adapters}
  0x0000028d9caa3924: 0000 e958 

  0x0000028d9caa3928: ;   {runtime_call handle_exception_from_callee Runtime1 stub}
  0x0000028d9caa3928: 0531 07e8 | 506d 3e07 

  0x0000028d9caa3930: ;   {external_word}
  0x0000028d9caa3930: 48b9 5074 | 31ed f97f | 0000 4883 

  0x0000028d9caa393c: ;   {runtime_call}
  0x0000028d9caa393c: e4f0 48b8 | f0be f3ec | f97f 0000 

  0x0000028d9caa3948: ;   {section_word}
  0x0000028d9caa3948: ffd0 f449 | ba4b 39aa | 9c8d 0200 

  0x0000028d9caa3954: ;   {runtime_call DeoptimizationBlob}
  0x0000028d9caa3954: 0041 52e9 | c446 3107 | f4f4 f4f4 
[/MachCode]


---------------  P R O C E S S  ---------------

Threads class SMR info:
_java_thread_list=0x0000028df8591790, length=21, elements={
0x0000028d964f6120, 0x0000028db1b74e90, 0x0000028db1b767b0, 0x0000028db1b7c650,
0x0000028db1a20fd0, 0x0000028db1a21660, 0x0000028db1a20940, 0x0000028db1a22380,
0x0000028db1a3a3b0, 0x0000028db1a3ae50, 0x0000028db1a22a10, 0x0000028db1a230a0,
0x0000028db1a23730, 0x0000028db1a23dc0, 0x0000028db1a21cf0, 0x0000028df8550670,
0x0000028df8550d00, 0x0000028df854e5a0, 0x0000028df854f950, 0x0000028df854df10,
0x0000028df8551390
}

Java Threads: ( => current thread )
  0x0000028d964f6120 JavaThread "main"                              [_thread_blocked, id=30080, stack(0x0000009e20300000,0x0000009e20400000) (1024K)]
  0x0000028db1b74e90 JavaThread "Common-Cleaner"             daemon [_thread_blocked, id=29304, stack(0x0000009e20b00000,0x0000009e20c00000) (1024K)]
  0x0000028db1b767b0 JavaThread "Reference Handler"          daemon [_thread_blocked, id=28216, stack(0x0000009e20c00000,0x0000009e20d00000) (1024K)]
  0x0000028db1b7c650 JavaThread "Finalizer"                  daemon [_thread_blocked, id=19348, stack(0x0000009e20d00000,0x0000009e20e00000) (1024K)]
  0x0000028db1a20fd0 JavaThread "Signal Dispatcher"          daemon [_thread_blocked, id=30336, stack(0x0000009e20e00000,0x0000009e20f00000) (1024K)]
  0x0000028db1a21660 JavaThread "Attach Listener"            daemon [_thread_blocked, id=31640, stack(0x0000009e20f00000,0x0000009e21000000) (1024K)]
  0x0000028db1a20940 JavaThread "Service Thread"             daemon [_thread_blocked, id=25816, stack(0x0000009e21000000,0x0000009e21100000) (1024K)]
  0x0000028db1a22380 JavaThread "Monitor Deflation Thread"   daemon [_thread_blocked, id=15284, stack(0x0000009e21100000,0x0000009e21200000) (1024K)]
  0x0000028db1a3a3b0 JavaThread "C2 CompilerThread0"         daemon [_thread_blocked, id=29324, stack(0x0000009e21200000,0x0000009e21300000) (1024K)]
  0x0000028db1a3ae50 JavaThread "C1 CompilerThread0"         daemon [_thread_blocked, id=30212, stack(0x0000009e21300000,0x0000009e21400000) (1024K)]
  0x0000028db1a22a10 JavaThread "Notification Thread"        daemon [_thread_blocked, id=30276, stack(0x0000009e21600000,0x0000009e21700000) (1024K)]
  0x0000028db1a230a0 JavaThread "RMI TCP Accept-58738"       daemon [_thread_in_native, id=28140, stack(0x0000009e21a00000,0x0000009e21b00000) (1024K)]
  0x0000028db1a23730 JavaThread "RMI TCP Accept-0"           daemon [_thread_in_native, id=25720, stack(0x0000009e21b00000,0x0000009e21c00000) (1024K)]
  0x0000028db1a23dc0 JavaThread "RMI Reaper"                        [_thread_blocked, id=30692, stack(0x0000009e21c00000,0x0000009e21d00000) (1024K)]
  0x0000028db1a21cf0 JavaThread "RMI GC Daemon"              daemon [_thread_blocked, id=26488, stack(0x0000009e21d00000,0x0000009e21e00000) (1024K)]
  0x0000028df8550670 JavaThread "RMI TCP Connection(1)-127.0.0.1" daemon [_thread_in_native, id=28572, stack(0x0000009e21e00000,0x0000009e21f00000) (1024K)]
  0x0000028df8550d00 JavaThread "RMI TCP Connection(2)-127.0.0.1" daemon [_thread_in_native, id=33488, stack(0x0000009e21f00000,0x0000009e22000000) (1024K)]
  0x0000028df854e5a0 JavaThread "RMI Scheduler(0)"           daemon [_thread_blocked, id=13436, stack(0x0000009e22000000,0x0000009e22100000) (1024K)]
=>0x0000028df854f950 JavaThread "RMI TCP Connection(3)-127.0.0.1" daemon [_thread_in_native, id=30600, stack(0x0000009e22100000,0x0000009e22200000) (1024K)]
  0x0000028df854df10 JavaThread "RMI TCP Connection(4)-127.0.0.1" daemon [_thread_in_native, id=30580, stack(0x0000009e22200000,0x0000009e22300000) (1024K)]
  0x0000028df8551390 JavaThread "RMI RenewClean-[127.0.0.1:56208]" daemon [_thread_blocked, id=1416, stack(0x0000009e22300000,0x0000009e22400000) (1024K)]
Total: 21

Other Threads:
  0x0000028db1a07110 VMThread "VM Thread"                           [id=29824, stack(0x0000009e20a00000,0x0000009e20b00000) (1024K)]
  0x0000028db19f8630 WatcherThread "VM Periodic Task Thread"        [id=30324, stack(0x0000009e20900000,0x0000009e20a00000) (1024K)]
  0x0000028d98927290 WorkerThread "GC Thread#0"                     [id=30232, stack(0x0000009e20400000,0x0000009e20500000) (1024K)]
  0x0000028df8041240 WorkerThread "GC Thread#1"                     [id=29460, stack(0x0000009e22400000,0x0000009e22500000) (1024K)]
  0x0000028df804c820 WorkerThread "GC Thread#2"                     [id=6508, stack(0x0000009e22500000,0x0000009e22600000) (1024K)]
  0x0000028df86cf080 WorkerThread "GC Thread#3"                     [id=3436, stack(0x0000009e22600000,0x0000009e22700000) (1024K)]
  0x0000028df86f4410 WorkerThread "GC Thread#4"                     [id=15380, stack(0x0000009e22700000,0x0000009e22800000) (1024K)]
  0x0000028df86f47b0 WorkerThread "GC Thread#5"                     [id=29672, stack(0x0000009e22800000,0x0000009e22900000) (1024K)]
  0x0000028df86f5770 WorkerThread "GC Thread#6"                     [id=33604, stack(0x0000009e22900000,0x0000009e22a00000) (1024K)]
  0x0000028df86f5b10 WorkerThread "GC Thread#7"                     [id=29152, stack(0x0000009e22a00000,0x0000009e22b00000) (1024K)]
  0x0000028df86f5eb0 WorkerThread "GC Thread#8"                     [id=33668, stack(0x0000009e22b00000,0x0000009e22c00000) (1024K)]
  0x0000028df86f6660 WorkerThread "GC Thread#9"                     [id=29688, stack(0x0000009e22c00000,0x0000009e22d00000) (1024K)]
  0x0000028df86522c0 WorkerThread "GC Thread#10"                    [id=29992, stack(0x0000009e22d00000,0x0000009e22e00000) (1024K)]
  0x0000028df8652da0 WorkerThread "GC Thread#11"                    [id=29704, stack(0x0000009e22e00000,0x0000009e22f00000) (1024K)]
  0x0000028d98938490 ConcurrentGCThread "G1 Main Marker"            [id=29804, stack(0x0000009e20500000,0x0000009e20600000) (1024K)]
  0x0000028d98939a10 WorkerThread "G1 Conc#0"                       [id=27776, stack(0x0000009e20600000,0x0000009e20700000) (1024K)]
  0x0000028db18b8170 ConcurrentGCThread "G1 Refine#0"               [id=33232, stack(0x0000009e20700000,0x0000009e20800000) (1024K)]
  0x0000028db18b9aa0 ConcurrentGCThread "G1 Service"                [id=28692, stack(0x0000009e20800000,0x0000009e20900000) (1024K)]
Total: 18

Threads with active compile tasks:
Total: 0

VM state: not at safepoint (normal execution)

VM Mutex/Monitor currently owned by a thread: None

Heap address: 0x0000000080000000, size: 2048 MB, Compressed Oops mode: 32-bit

CDS archive(s) mapped at: [0x0000028db2000000-0x0000028db3bf0000-0x0000028db3bf0000), size 29294592, SharedBaseAddress: 0x0000028db2000000, ArchiveRelocationMode: 1.
Compressed class space mapped at: 0x0000028db4000000-0x0000028df4000000, reserved size: 1073741824
Narrow klass base: 0x0000028db2000000, Narrow klass shift: 0, Narrow klass range: 0x100000000

GC Precious Log:
 CardTable entry size: 512
 Card Set container configuration: InlinePtr #cards 5 size 8 Array Of Cards #cards 12 size 40 Howl #buckets 4 coarsen threshold 1843 Howl Bitmap #cards 512 size 80 coarsen threshold 460 Card regions per heap region 1 cards per card region 2048
 CPUs: 16 total, 16 available
 Memory: 32045M
 Large Page Support: Disabled
 NUMA Support: Disabled
 Compressed Oops: Enabled (32-bit)
 Heap Region Size: 1M
 Heap Min Capacity: 128M
 Heap Initial Capacity: 128M
 Heap Max Capacity: 2G
 Pre-touch: Disabled
 Parallel Workers: 13
 Concurrent Workers: 3
 Concurrent Refinement Workers: 13
 Periodic GC: Disabled

Heap:
 garbage-first heap   total 131072K, used 12288K [0x0000000080000000, 0x0000000100000000)
  region size 1024K, 7 young (7168K), 3 survivors (3072K)
 Metaspace       used 5764K, committed 6208K, reserved 1114112K
  class space    used 748K, committed 960K, reserved 1048576K

Heap Regions: E=young(eden), S=young(survivor), O=old, HS=humongous(starts), HC=humongous(continues), CS=collection set, F=free, TAMS=top-at-mark-start, PB=parsable bottom
|   0|0x0000000080000000, 0x0000000080100000, 0x0000000080100000|100%|HS|  |TAMS 0x0000000080000000| PB 0x0000000080000000| Complete 
|   1|0x0000000080100000, 0x0000000080200000, 0x0000000080200000|100%|HC|  |TAMS 0x0000000080100000| PB 0x0000000080100000| Complete 
|   2|0x0000000080200000, 0x0000000080300000, 0x0000000080300000|100%|HS|  |TAMS 0x0000000080200000| PB 0x0000000080200000| Complete 
|   3|0x0000000080300000, 0x0000000080400000, 0x0000000080400000|100%|HS|  |TAMS 0x0000000080300000| PB 0x0000000080300000| Complete 
|   4|0x0000000080400000, 0x0000000080500000, 0x0000000080500000|100%| O|  |TAMS 0x0000000080400000| PB 0x0000000080400000| Untracked 
|   5|0x0000000080500000, 0x0000000080600000, 0x0000000080600000|100%| O|  |TAMS 0x0000000080500000| PB 0x0000000080500000| Untracked 
|   6|0x0000000080600000, 0x0000000080600000, 0x0000000080700000|  0%| F|  |TAMS 0x0000000080600000| PB 0x0000000080600000| Untracked 
|   7|0x0000000080700000, 0x0000000080700000, 0x0000000080800000|  0%| F|  |TAMS 0x0000000080700000| PB 0x0000000080700000| Untracked 
|   8|0x0000000080800000, 0x0000000080800000, 0x0000000080900000|  0%| F|  |TAMS 0x0000000080800000| PB 0x0000000080800000| Untracked 
|   9|0x0000000080900000, 0x0000000080900000, 0x0000000080a00000|  0%| F|  |TAMS 0x0000000080900000| PB 0x0000000080900000| Untracked 
|  10|0x0000000080a00000, 0x0000000080a00000, 0x0000000080b00000|  0%| F|  |TAMS 0x0000000080a00000| PB 0x0000000080a00000| Untracked 
|  11|0x0000000080b00000, 0x0000000080b00000, 0x0000000080c00000|  0%| F|  |TAMS 0x0000000080b00000| PB 0x0000000080b00000| Untracked 
|  12|0x0000000080c00000, 0x0000000080c00000, 0x0000000080d00000|  0%| F|  |TAMS 0x0000000080c00000| PB 0x0000000080c00000| Untracked 
|  13|0x0000000080d00000, 0x0000000080d00000, 0x0000000080e00000|  0%| F|  |TAMS 0x0000000080d00000| PB 0x0000000080d00000| Untracked 
|  14|0x0000000080e00000, 0x0000000080e00000, 0x0000000080f00000|  0%| F|  |TAMS 0x0000000080e00000| PB 0x0000000080e00000| Untracked 
|  15|0x0000000080f00000, 0x0000000080f00000, 0x0000000081000000|  0%| F|  |TAMS 0x0000000080f00000| PB 0x0000000080f00000| Untracked 
|  16|0x0000000081000000, 0x0000000081000000, 0x0000000081100000|  0%| F|  |TAMS 0x0000000081000000| PB 0x0000000081000000| Untracked 
|  17|0x0000000081100000, 0x0000000081100000, 0x0000000081200000|  0%| F|  |TAMS 0x0000000081100000| PB 0x0000000081100000| Untracked 
|  18|0x0000000081200000, 0x0000000081200000, 0x0000000081300000|  0%| F|  |TAMS 0x0000000081200000| PB 0x0000000081200000| Untracked 
|  19|0x0000000081300000, 0x0000000081300000, 0x0000000081400000|  0%| F|  |TAMS 0x0000000081300000| PB 0x0000000081300000| Untracked 
|  20|0x0000000081400000, 0x0000000081400000, 0x0000000081500000|  0%| F|  |TAMS 0x0000000081400000| PB 0x0000000081400000| Untracked 
|  21|0x0000000081500000, 0x0000000081500000, 0x0000000081600000|  0%| F|  |TAMS 0x0000000081500000| PB 0x0000000081500000| Untracked 
|  22|0x0000000081600000, 0x0000000081600000, 0x0000000081700000|  0%| F|  |TAMS 0x0000000081600000| PB 0x0000000081600000| Untracked 
|  23|0x0000000081700000, 0x0000000081700000, 0x0000000081800000|  0%| F|  |TAMS 0x0000000081700000| PB 0x0000000081700000| Untracked 
|  24|0x0000000081800000, 0x0000000081800000, 0x0000000081900000|  0%| F|  |TAMS 0x0000000081800000| PB 0x0000000081800000| Untracked 
|  25|0x0000000081900000, 0x0000000081900000, 0x0000000081a00000|  0%| F|  |TAMS 0x0000000081900000| PB 0x0000000081900000| Untracked 
|  26|0x0000000081a00000, 0x0000000081a00000, 0x0000000081b00000|  0%| F|  |TAMS 0x0000000081a00000| PB 0x0000000081a00000| Untracked 
|  27|0x0000000081b00000, 0x0000000081b00000, 0x0000000081c00000|  0%| F|  |TAMS 0x0000000081b00000| PB 0x0000000081b00000| Untracked 
|  28|0x0000000081c00000, 0x0000000081c00000, 0x0000000081d00000|  0%| F|  |TAMS 0x0000000081c00000| PB 0x0000000081c00000| Untracked 
|  29|0x0000000081d00000, 0x0000000081d00000, 0x0000000081e00000|  0%| F|  |TAMS 0x0000000081d00000| PB 0x0000000081d00000| Untracked 
|  30|0x0000000081e00000, 0x0000000081e00000, 0x0000000081f00000|  0%| F|  |TAMS 0x0000000081e00000| PB 0x0000000081e00000| Untracked 
|  31|0x0000000081f00000, 0x0000000081f00000, 0x0000000082000000|  0%| F|  |TAMS 0x0000000081f00000| PB 0x0000000081f00000| Untracked 
|  32|0x0000000082000000, 0x0000000082000000, 0x0000000082100000|  0%| F|  |TAMS 0x0000000082000000| PB 0x0000000082000000| Untracked 
|  33|0x0000000082100000, 0x0000000082100000, 0x0000000082200000|  0%| F|  |TAMS 0x0000000082100000| PB 0x0000000082100000| Untracked 
|  34|0x0000000082200000, 0x0000000082200000, 0x0000000082300000|  0%| F|  |TAMS 0x0000000082200000| PB 0x0000000082200000| Untracked 
|  35|0x0000000082300000, 0x0000000082300000, 0x0000000082400000|  0%| F|  |TAMS 0x0000000082300000| PB 0x0000000082300000| Untracked 
|  36|0x0000000082400000, 0x0000000082400000, 0x0000000082500000|  0%| F|  |TAMS 0x0000000082400000| PB 0x0000000082400000| Untracked 
|  37|0x0000000082500000, 0x0000000082500000, 0x0000000082600000|  0%| F|  |TAMS 0x0000000082500000| PB 0x0000000082500000| Untracked 
|  38|0x0000000082600000, 0x0000000082600000, 0x0000000082700000|  0%| F|  |TAMS 0x0000000082600000| PB 0x0000000082600000| Untracked 
|  39|0x0000000082700000, 0x0000000082700000, 0x0000000082800000|  0%| F|  |TAMS 0x0000000082700000| PB 0x0000000082700000| Untracked 
|  40|0x0000000082800000, 0x0000000082800000, 0x0000000082900000|  0%| F|  |TAMS 0x0000000082800000| PB 0x0000000082800000| Untracked 
|  41|0x0000000082900000, 0x0000000082900000, 0x0000000082a00000|  0%| F|  |TAMS 0x0000000082900000| PB 0x0000000082900000| Untracked 
|  42|0x0000000082a00000, 0x0000000082a00000, 0x0000000082b00000|  0%| F|  |TAMS 0x0000000082a00000| PB 0x0000000082a00000| Untracked 
|  43|0x0000000082b00000, 0x0000000082b00000, 0x0000000082c00000|  0%| F|  |TAMS 0x0000000082b00000| PB 0x0000000082b00000| Untracked 
|  44|0x0000000082c00000, 0x0000000082c00000, 0x0000000082d00000|  0%| F|  |TAMS 0x0000000082c00000| PB 0x0000000082c00000| Untracked 
|  45|0x0000000082d00000, 0x0000000082d00000, 0x0000000082e00000|  0%| F|  |TAMS 0x0000000082d00000| PB 0x0000000082d00000| Untracked 
|  46|0x0000000082e00000, 0x0000000082e00000, 0x0000000082f00000|  0%| F|  |TAMS 0x0000000082e00000| PB 0x0000000082e00000| Untracked 
|  47|0x0000000082f00000, 0x0000000082f00000, 0x0000000083000000|  0%| F|  |TAMS 0x0000000082f00000| PB 0x0000000082f00000| Untracked 
|  48|0x0000000083000000, 0x0000000083000000, 0x0000000083100000|  0%| F|  |TAMS 0x0000000083000000| PB 0x0000000083000000| Untracked 
|  49|0x0000000083100000, 0x0000000083100000, 0x0000000083200000|  0%| F|  |TAMS 0x0000000083100000| PB 0x0000000083100000| Untracked 
|  50|0x0000000083200000, 0x0000000083200000, 0x0000000083300000|  0%| F|  |TAMS 0x0000000083200000| PB 0x0000000083200000| Untracked 
|  51|0x0000000083300000, 0x0000000083300000, 0x0000000083400000|  0%| F|  |TAMS 0x0000000083300000| PB 0x0000000083300000| Untracked 
|  52|0x0000000083400000, 0x0000000083400000, 0x0000000083500000|  0%| F|  |TAMS 0x0000000083400000| PB 0x0000000083400000| Untracked 
|  53|0x0000000083500000, 0x0000000083500000, 0x0000000083600000|  0%| F|  |TAMS 0x0000000083500000| PB 0x0000000083500000| Untracked 
|  54|0x0000000083600000, 0x0000000083600000, 0x0000000083700000|  0%| F|  |TAMS 0x0000000083600000| PB 0x0000000083600000| Untracked 
|  55|0x0000000083700000, 0x0000000083700000, 0x0000000083800000|  0%| F|  |TAMS 0x0000000083700000| PB 0x0000000083700000| Untracked 
|  56|0x0000000083800000, 0x0000000083800000, 0x0000000083900000|  0%| F|  |TAMS 0x0000000083800000| PB 0x0000000083800000| Untracked 
|  57|0x0000000083900000, 0x0000000083900000, 0x0000000083a00000|  0%| F|  |TAMS 0x0000000083900000| PB 0x0000000083900000| Untracked 
|  58|0x0000000083a00000, 0x0000000083a00000, 0x0000000083b00000|  0%| F|  |TAMS 0x0000000083a00000| PB 0x0000000083a00000| Untracked 
|  59|0x0000000083b00000, 0x0000000083b00000, 0x0000000083c00000|  0%| F|  |TAMS 0x0000000083b00000| PB 0x0000000083b00000| Untracked 
|  60|0x0000000083c00000, 0x0000000083c00000, 0x0000000083d00000|  0%| F|  |TAMS 0x0000000083c00000| PB 0x0000000083c00000| Untracked 
|  61|0x0000000083d00000, 0x0000000083d00000, 0x0000000083e00000|  0%| F|  |TAMS 0x0000000083d00000| PB 0x0000000083d00000| Untracked 
|  62|0x0000000083e00000, 0x0000000083e00000, 0x0000000083f00000|  0%| F|  |TAMS 0x0000000083e00000| PB 0x0000000083e00000| Untracked 
|  63|0x0000000083f00000, 0x0000000083f00000, 0x0000000084000000|  0%| F|  |TAMS 0x0000000083f00000| PB 0x0000000083f00000| Untracked 
|  64|0x0000000084000000, 0x0000000084000000, 0x0000000084100000|  0%| F|  |TAMS 0x0000000084000000| PB 0x0000000084000000| Untracked 
|  65|0x0000000084100000, 0x0000000084100000, 0x0000000084200000|  0%| F|  |TAMS 0x0000000084100000| PB 0x0000000084100000| Untracked 
|  66|0x0000000084200000, 0x0000000084200000, 0x0000000084300000|  0%| F|  |TAMS 0x0000000084200000| PB 0x0000000084200000| Untracked 
|  67|0x0000000084300000, 0x0000000084300000, 0x0000000084400000|  0%| F|  |TAMS 0x0000000084300000| PB 0x0000000084300000| Untracked 
|  68|0x0000000084400000, 0x0000000084400000, 0x0000000084500000|  0%| F|  |TAMS 0x0000000084400000| PB 0x0000000084400000| Untracked 
|  69|0x0000000084500000, 0x0000000084500000, 0x0000000084600000|  0%| F|  |TAMS 0x0000000084500000| PB 0x0000000084500000| Untracked 
|  70|0x0000000084600000, 0x0000000084600000, 0x0000000084700000|  0%| F|  |TAMS 0x0000000084600000| PB 0x0000000084600000| Untracked 
|  71|0x0000000084700000, 0x0000000084700000, 0x0000000084800000|  0%| F|  |TAMS 0x0000000084700000| PB 0x0000000084700000| Untracked 
|  72|0x0000000084800000, 0x0000000084800000, 0x0000000084900000|  0%| F|  |TAMS 0x0000000084800000| PB 0x0000000084800000| Untracked 
|  73|0x0000000084900000, 0x0000000084900000, 0x0000000084a00000|  0%| F|  |TAMS 0x0000000084900000| PB 0x0000000084900000| Untracked 
|  74|0x0000000084a00000, 0x0000000084a00000, 0x0000000084b00000|  0%| F|  |TAMS 0x0000000084a00000| PB 0x0000000084a00000| Untracked 
|  75|0x0000000084b00000, 0x0000000084b00000, 0x0000000084c00000|  0%| F|  |TAMS 0x0000000084b00000| PB 0x0000000084b00000| Untracked 
|  76|0x0000000084c00000, 0x0000000084c00000, 0x0000000084d00000|  0%| F|  |TAMS 0x0000000084c00000| PB 0x0000000084c00000| Untracked 
|  77|0x0000000084d00000, 0x0000000084d00000, 0x0000000084e00000|  0%| F|  |TAMS 0x0000000084d00000| PB 0x0000000084d00000| Untracked 
|  78|0x0000000084e00000, 0x0000000084e00000, 0x0000000084f00000|  0%| F|  |TAMS 0x0000000084e00000| PB 0x0000000084e00000| Untracked 
|  79|0x0000000084f00000, 0x0000000084f00000, 0x0000000085000000|  0%| F|  |TAMS 0x0000000084f00000| PB 0x0000000084f00000| Untracked 
|  80|0x0000000085000000, 0x0000000085000000, 0x0000000085100000|  0%| F|  |TAMS 0x0000000085000000| PB 0x0000000085000000| Untracked 
|  81|0x0000000085100000, 0x0000000085100000, 0x0000000085200000|  0%| F|  |TAMS 0x0000000085100000| PB 0x0000000085100000| Untracked 
|  82|0x0000000085200000, 0x0000000085200000, 0x0000000085300000|  0%| F|  |TAMS 0x0000000085200000| PB 0x0000000085200000| Untracked 
|  83|0x0000000085300000, 0x0000000085300000, 0x0000000085400000|  0%| F|  |TAMS 0x0000000085300000| PB 0x0000000085300000| Untracked 
|  84|0x0000000085400000, 0x0000000085400000, 0x0000000085500000|  0%| F|  |TAMS 0x0000000085400000| PB 0x0000000085400000| Untracked 
|  85|0x0000000085500000, 0x0000000085500000, 0x0000000085600000|  0%| F|  |TAMS 0x0000000085500000| PB 0x0000000085500000| Untracked 
|  86|0x0000000085600000, 0x0000000085600000, 0x0000000085700000|  0%| F|  |TAMS 0x0000000085600000| PB 0x0000000085600000| Untracked 
|  87|0x0000000085700000, 0x0000000085700000, 0x0000000085800000|  0%| F|  |TAMS 0x0000000085700000| PB 0x0000000085700000| Untracked 
|  88|0x0000000085800000, 0x0000000085800000, 0x0000000085900000|  0%| F|  |TAMS 0x0000000085800000| PB 0x0000000085800000| Untracked 
|  89|0x0000000085900000, 0x0000000085900000, 0x0000000085a00000|  0%| F|  |TAMS 0x0000000085900000| PB 0x0000000085900000| Untracked 
|  90|0x0000000085a00000, 0x0000000085a00000, 0x0000000085b00000|  0%| F|  |TAMS 0x0000000085a00000| PB 0x0000000085a00000| Untracked 
|  91|0x0000000085b00000, 0x0000000085b00000, 0x0000000085c00000|  0%| F|  |TAMS 0x0000000085b00000| PB 0x0000000085b00000| Untracked 
|  92|0x0000000085c00000, 0x0000000085c00000, 0x0000000085d00000|  0%| F|  |TAMS 0x0000000085c00000| PB 0x0000000085c00000| Untracked 
|  93|0x0000000085d00000, 0x0000000085d00000, 0x0000000085e00000|  0%| F|  |TAMS 0x0000000085d00000| PB 0x0000000085d00000| Untracked 
|  94|0x0000000085e00000, 0x0000000085e00000, 0x0000000085f00000|  0%| F|  |TAMS 0x0000000085e00000| PB 0x0000000085e00000| Untracked 
|  95|0x0000000085f00000, 0x0000000085f00000, 0x0000000086000000|  0%| F|  |TAMS 0x0000000085f00000| PB 0x0000000085f00000| Untracked 
|  96|0x0000000086000000, 0x0000000086000000, 0x0000000086100000|  0%| F|  |TAMS 0x0000000086000000| PB 0x0000000086000000| Untracked 
|  97|0x0000000086100000, 0x0000000086100000, 0x0000000086200000|  0%| F|  |TAMS 0x0000000086100000| PB 0x0000000086100000| Untracked 
|  98|0x0000000086200000, 0x0000000086200000, 0x0000000086300000|  0%| F|  |TAMS 0x0000000086200000| PB 0x0000000086200000| Untracked 
|  99|0x0000000086300000, 0x0000000086300000, 0x0000000086400000|  0%| F|  |TAMS 0x0000000086300000| PB 0x0000000086300000| Untracked 
| 100|0x0000000086400000, 0x0000000086400000, 0x0000000086500000|  0%| F|  |TAMS 0x0000000086400000| PB 0x0000000086400000| Untracked 
| 101|0x0000000086500000, 0x0000000086500000, 0x0000000086600000|  0%| F|  |TAMS 0x0000000086500000| PB 0x0000000086500000| Untracked 
| 102|0x0000000086600000, 0x0000000086700000, 0x0000000086700000|100%| S|CS|TAMS 0x0000000086600000| PB 0x0000000086600000| Complete 
| 103|0x0000000086700000, 0x0000000086800000, 0x0000000086800000|100%| S|CS|TAMS 0x0000000086700000| PB 0x0000000086700000| Complete 
| 104|0x0000000086800000, 0x0000000086900000, 0x0000000086900000|100%| S|CS|TAMS 0x0000000086800000| PB 0x0000000086800000| Complete 
| 105|0x0000000086900000, 0x0000000086900000, 0x0000000086a00000|  0%| F|  |TAMS 0x0000000086900000| PB 0x0000000086900000| Untracked 
| 106|0x0000000086a00000, 0x0000000086a00000, 0x0000000086b00000|  0%| F|  |TAMS 0x0000000086a00000| PB 0x0000000086a00000| Untracked 
| 107|0x0000000086b00000, 0x0000000086b00000, 0x0000000086c00000|  0%| F|  |TAMS 0x0000000086b00000| PB 0x0000000086b00000| Untracked 
| 108|0x0000000086c00000, 0x0000000086c00000, 0x0000000086d00000|  0%| F|  |TAMS 0x0000000086c00000| PB 0x0000000086c00000| Untracked 
| 109|0x0000000086d00000, 0x0000000086d00000, 0x0000000086e00000|  0%| F|  |TAMS 0x0000000086d00000| PB 0x0000000086d00000| Untracked 
| 110|0x0000000086e00000, 0x0000000086e00000, 0x0000000086f00000|  0%| F|  |TAMS 0x0000000086e00000| PB 0x0000000086e00000| Untracked 
| 111|0x0000000086f00000, 0x0000000086f00000, 0x0000000087000000|  0%| F|  |TAMS 0x0000000086f00000| PB 0x0000000086f00000| Untracked 
| 112|0x0000000087000000, 0x0000000087000000, 0x0000000087100000|  0%| F|  |TAMS 0x0000000087000000| PB 0x0000000087000000| Untracked 
| 113|0x0000000087100000, 0x0000000087100000, 0x0000000087200000|  0%| F|  |TAMS 0x0000000087100000| PB 0x0000000087100000| Untracked 
| 114|0x0000000087200000, 0x0000000087200000, 0x0000000087300000|  0%| F|  |TAMS 0x0000000087200000| PB 0x0000000087200000| Untracked 
| 115|0x0000000087300000, 0x0000000087300000, 0x0000000087400000|  0%| F|  |TAMS 0x0000000087300000| PB 0x0000000087300000| Untracked 
| 116|0x0000000087400000, 0x0000000087400000, 0x0000000087500000|  0%| F|  |TAMS 0x0000000087400000| PB 0x0000000087400000| Untracked 
| 117|0x0000000087500000, 0x0000000087500000, 0x0000000087600000|  0%| F|  |TAMS 0x0000000087500000| PB 0x0000000087500000| Untracked 
| 118|0x0000000087600000, 0x0000000087600000, 0x0000000087700000|  0%| F|  |TAMS 0x0000000087600000| PB 0x0000000087600000| Untracked 
| 119|0x0000000087700000, 0x0000000087700000, 0x0000000087800000|  0%| F|  |TAMS 0x0000000087700000| PB 0x0000000087700000| Untracked 
| 120|0x0000000087800000, 0x0000000087800000, 0x0000000087900000|  0%| F|  |TAMS 0x0000000087800000| PB 0x0000000087800000| Untracked 
| 121|0x0000000087900000, 0x0000000087900000, 0x0000000087a00000|  0%| F|  |TAMS 0x0000000087900000| PB 0x0000000087900000| Untracked 
| 122|0x0000000087a00000, 0x0000000087a00000, 0x0000000087b00000|  0%| F|  |TAMS 0x0000000087a00000| PB 0x0000000087a00000| Untracked 
| 123|0x0000000087b00000, 0x0000000087b00000, 0x0000000087c00000|  0%| F|  |TAMS 0x0000000087b00000| PB 0x0000000087b00000| Untracked 
| 124|0x0000000087c00000, 0x0000000087d00000, 0x0000000087d00000|100%| E|  |TAMS 0x0000000087c00000| PB 0x0000000087c00000| Complete 
| 125|0x0000000087d00000, 0x0000000087e00000, 0x0000000087e00000|100%| E|CS|TAMS 0x0000000087d00000| PB 0x0000000087d00000| Complete 
| 126|0x0000000087e00000, 0x0000000087f00000, 0x0000000087f00000|100%| E|CS|TAMS 0x0000000087e00000| PB 0x0000000087e00000| Complete 
| 127|0x0000000087f00000, 0x0000000088000000, 0x0000000088000000|100%| E|CS|TAMS 0x0000000087f00000| PB 0x0000000087f00000| Complete 

Card table byte_map: [0x0000028dac590000,0x0000028dac990000] _byte_map_base: 0x0000028dac190000

Marking Bits: (CMBitMap*) 0x0000028d989278a0
 Bits: [0x0000028dac990000, 0x0000028dae990000)

Polling page: 0x0000028d96ad0000

Metaspace:

Usage:
  Non-class:      4.90 MB used.
      Class:    748.94 KB used.
       Both:      5.63 MB used.

Virtual space:
  Non-class space:       64.00 MB reserved,       5.12 MB (  8%) committed,  1 nodes.
      Class space:        1.00 GB reserved,     960.00 KB ( <1%) committed,  1 nodes.
             Both:        1.06 GB reserved,       6.06 MB ( <1%) committed. 

Chunk freelists:
   Non-Class:  8.97 MB
       Class:  15.11 MB
        Both:  24.08 MB

MaxMetaspaceSize: unlimited
CompressedClassSpaceSize: 1.00 GB
Initial GC threshold: 21.00 MB
Current GC threshold: 21.00 MB
CDS: on
 - commit_granule_bytes: 65536.
 - commit_granule_words: 8192.
 - virtual_space_node_default_size: 8388608.
 - enlarge_chunks_in_place: 1.
 - use_allocation_guard: 0.


Internal statistics:

num_allocs_failed_limit: 0.
num_arena_births: 408.
num_arena_deaths: 0.
num_vsnodes_births: 2.
num_vsnodes_deaths: 0.
num_space_committed: 97.
num_space_uncommitted: 0.
num_chunks_returned_to_freelist: 0.
num_chunks_taken_from_freelist: 644.
num_chunk_merges: 0.
num_chunk_splits: 401.
num_chunks_enlarged: 188.
num_inconsistent_stats: 0.

CodeHeap 'non-profiled nmethods': size=119168Kb used=518Kb max_used=518Kb free=118649Kb
 bounds [0x0000028da44b0000, 0x0000028da4720000, 0x0000028dab910000]
CodeHeap 'profiled nmethods': size=119104Kb used=2718Kb max_used=2718Kb free=116385Kb
 bounds [0x0000028d9c910000, 0x0000028d9cbc0000, 0x0000028da3d60000]
CodeHeap 'non-nmethods': size=7488Kb used=1538Kb max_used=3240Kb free=5949Kb
 bounds [0x0000028da3d60000, 0x0000028da4090000, 0x0000028da44b0000]
 total_blobs=2048 nmethods=1554 adapters=399
 compilation: enabled
              stopped_count=0, restarted_count=0
 full_count=0

Compilation events (20 events):
Event: 18.362 Thread 0x0000028db1a3ae50 1545       3       java.io.ObjectOutputStream$BlockDataOutputStream::writeByte (33 bytes)
Event: 18.362 Thread 0x0000028db1a3a3b0 1546       4       java.util.HashMap::get (19 bytes)
Event: 18.363 Thread 0x0000028db1a3ae50 nmethod 1545 0x0000028d9cbb2f90 code [0x0000028d9cbb3140, 0x0000028d9cbb3300]
Event: 18.363 Thread 0x0000028db1a3ae50 1547       3       java.lang.AbstractStringBuilder::appendChars (130 bytes)
Event: 18.364 Thread 0x0000028db1a3ae50 nmethod 1547 0x0000028d9cbb3410 code [0x0000028d9cbb3620, 0x0000028d9cbb3b80]
Event: 18.364 Thread 0x0000028db1a3ae50 1548   !   3       java.io.ObjectInputStream$BlockDataInputStream::readUTFSpan (502 bytes)
Event: 18.365 Thread 0x0000028db1a3ae50 nmethod 1548 0x0000028d9cbb3e10 code [0x0000028d9cbb40c0, 0x0000028d9cbb4e28]
Event: 18.365 Thread 0x0000028db1a3ae50 1552       3       java.lang.String::getChars (55 bytes)
Event: 18.365 Thread 0x0000028db1a3ae50 nmethod 1552 0x0000028d9cbb5810 code [0x0000028d9cbb5a40, 0x0000028d9cbb6148]
Event: 18.365 Thread 0x0000028db1a3ae50 1553       3       java.lang.StringLatin1::getChars (12 bytes)
Event: 18.366 Thread 0x0000028db1a3ae50 nmethod 1553 0x0000028d9cbb6490 code [0x0000028d9cbb6640, 0x0000028d9cbb6768]
Event: 18.366 Thread 0x0000028db1a3ae50 1549       1       java.lang.Long::longValue (5 bytes)
Event: 18.366 Thread 0x0000028db1a3ae50 nmethod 1549 0x0000028da4530d90 code [0x0000028da4530f20, 0x0000028da4530fe8]
Event: 18.366 Thread 0x0000028db1a3ae50 1550       3       java.io.ObjectInputStream$BlockDataInputStream::peekByte (20 bytes)
Event: 18.366 Thread 0x0000028db1a3ae50 nmethod 1550 0x0000028d9cbb6810 code [0x0000028d9cbb69e0, 0x0000028d9cbb6c48]
Event: 18.366 Thread 0x0000028db1a3ae50 1551       3       java.io.ObjectInputStream$BlockDataInputStream::peek (55 bytes)
Event: 18.366 Thread 0x0000028db1a3ae50 nmethod 1551 0x0000028d9cbb6d90 code [0x0000028d9cbb6f60, 0x0000028d9cbb7238]
Event: 18.366 Thread 0x0000028db1a3ae50 1554       3       java.lang.invoke.VarHandleByteArrayAsShorts$ArrayHandle::set (39 bytes)
Event: 18.366 Thread 0x0000028db1a3ae50 nmethod 1554 0x0000028d9cbb7390 code [0x0000028d9cbb7560, 0x0000028d9cbb7988]
Event: 18.367 Thread 0x0000028db1a3a3b0 nmethod 1546 0x0000028da4531090 code [0x0000028da4531260, 0x0000028da45317b8]

GC Heap History (2 events):
Event: 0.411 GC heap before
{Heap before GC invocations=0 (full 0):
 garbage-first heap   total 131072K, used 26624K [0x0000000080000000, 0x0000000100000000)
  region size 1024K, 23 young (23552K), 0 survivors (0K)
 Metaspace       used 4638K, committed 5056K, reserved 1114112K
  class space    used 630K, committed 832K, reserved 1048576K
}
Event: 0.414 GC heap after
{Heap after GC invocations=1 (full 0):
 garbage-first heap   total 131072K, used 9216K [0x0000000080000000, 0x0000000100000000)
  region size 1024K, 3 young (3072K), 3 survivors (3072K)
 Metaspace       used 4638K, committed 5056K, reserved 1114112K
  class space    used 630K, committed 832K, reserved 1048576K
}

Dll operation events (2 events):
Event: 0.011 Loaded shared library C:\Program Files\JetBrains\IntelliJ IDEA 2025.2\jbr\bin\java.dll
Event: 0.037 Loaded shared library C:\Program Files\JetBrains\IntelliJ IDEA 2025.2\jbr\bin\zip.dll

Deoptimization events (20 events):
Event: 0.373 Thread 0x0000028df854f950 DEOPT PACKING pc=0x0000028d9c9359be sp=0x0000009e221fcfe0
Event: 0.373 Thread 0x0000028df854f950 DEOPT UNPACKING pc=0x0000028da3db88e2 sp=0x0000009e221fc418 mode 0
Event: 0.374 Thread 0x0000028df854f950 DEOPT PACKING pc=0x0000028d9c9359be sp=0x0000009e221fcfe0
Event: 0.374 Thread 0x0000028df854f950 DEOPT UNPACKING pc=0x0000028da3db88e2 sp=0x0000009e221fc418 mode 0
Event: 0.376 Thread 0x0000028df854f950 Uncommon trap: trap_request=0xffffff45 fr.pc=0x0000028da44feb2c relative=0x000000000000008c
Event: 0.376 Thread 0x0000028df854f950 Uncommon trap: reason=unstable_if action=reinterpret pc=0x0000028da44feb2c method=jdk.internal.misc.Unsafe.convEndian(ZI)I @ 4 c2
Event: 0.376 Thread 0x0000028df854f950 DEOPT PACKING pc=0x0000028da44feb2c sp=0x0000009e221fbbf0
Event: 0.376 Thread 0x0000028df854f950 DEOPT UNPACKING pc=0x0000028da3db7da2 sp=0x0000009e221fbb20 mode 2
Event: 0.415 Thread 0x0000028df854f950 Uncommon trap: trap_request=0xffffff45 fr.pc=0x0000028da4511338 relative=0x0000000000000098
Event: 0.415 Thread 0x0000028df854f950 Uncommon trap: reason=unstable_if action=reinterpret pc=0x0000028da4511338 method=java.lang.ref.ReferenceQueue.headIsNull()Z @ 4 c2
Event: 0.415 Thread 0x0000028df854f950 DEOPT PACKING pc=0x0000028da4511338 sp=0x0000009e221fdfa0
Event: 0.415 Thread 0x0000028df854f950 DEOPT UNPACKING pc=0x0000028da3db7da2 sp=0x0000009e221fde60 mode 2
Event: 0.415 Thread 0x0000028df854f950 Uncommon trap: trap_request=0xffffff45 fr.pc=0x0000028da451100c relative=0x000000000000006c
Event: 0.415 Thread 0x0000028df854f950 Uncommon trap: reason=unstable_if action=reinterpret pc=0x0000028da451100c method=java.lang.ref.ReferenceQueue.headIsNull()Z @ 4 c2
Event: 0.415 Thread 0x0000028df854f950 DEOPT PACKING pc=0x0000028da451100c sp=0x0000009e221fdf30
Event: 0.415 Thread 0x0000028df854f950 DEOPT UNPACKING pc=0x0000028da3db7da2 sp=0x0000009e221fde60 mode 2
Event: 0.429 Thread 0x0000028df854f950 Uncommon trap: trap_request=0xffffff45 fr.pc=0x0000028da451dbdc relative=0x0000000000001d5c
Event: 0.429 Thread 0x0000028df854f950 Uncommon trap: reason=unstable_if action=reinterpret pc=0x0000028da451dbdc method=jdk.internal.org.objectweb.asm.Frame.execute(IILjdk/internal/org/objectweb/asm/Symbol;Ljdk/internal/org/objectweb/asm/SymbolTable;)V @ 1 c2
Event: 0.429 Thread 0x0000028df854f950 DEOPT PACKING pc=0x0000028da451dbdc sp=0x0000009e221fde70
Event: 0.429 Thread 0x0000028df854f950 DEOPT UNPACKING pc=0x0000028da3db7da2 sp=0x0000009e221fddd8 mode 2

Classes loaded (20 events):
Event: 0.387 Loading class java/util/InvalidPropertiesFormatException
Event: 0.387 Loading class java/util/InvalidPropertiesFormatException done
Event: 0.388 Loading class java/util/HashMap$UnsafeHolder
Event: 0.388 Loading class java/util/HashMap$UnsafeHolder done
Event: 0.432 Loading class java/net/URLClassLoader$3
Event: 0.432 Loading class java/net/URLClassLoader$3 done
Event: 0.432 Loading class java/net/URLClassLoader$3$1
Event: 0.432 Loading class java/net/URLClassLoader$3$1 done
Event: 0.441 Loading class java/util/stream/IntPipeline$10
Event: 0.441 Loading class java/util/stream/IntPipeline$10 done
Event: 0.441 Loading class java/util/stream/ReduceOps$9
Event: 0.441 Loading class java/util/stream/ReduceOps$9 done
Event: 0.441 Loading class java/util/stream/ReduceOps$CountingSink$OfInt
Event: 0.441 Loading class java/util/stream/ReduceOps$CountingSink$OfInt done
Event: 0.441 Loading class java/util/stream/IntPipeline$10$1
Event: 0.441 Loading class java/util/stream/IntPipeline$10$1 done
Event: 0.441 Loading class java/net/URLDecoder
Event: 0.441 Loading class java/net/URLDecoder done
Event: 0.454 Loading class javax/net/DefaultSocketFactory
Event: 0.454 Loading class javax/net/DefaultSocketFactory done

Classes unloaded (0 events):
No events

Classes redefined (0 events):
No events

Internal exceptions (20 events):
Event: 0.336 Thread 0x0000028df8550d00 Exception <a 'java/lang/NoSuchMethodError'{0x0000000086d446c8}: 'long java.lang.invoke.Invokers$Holder.invokeExact_MT(java.lang.Object, java.lang.Object)'> (0x0000000086d446c8) 
thrown [s\src\hotspot\share\interpreter\linkResolver.cpp, line 784]
Event: 0.343 Thread 0x0000028df8550670 Exception <a 'java/lang/NoSuchMethodError'{0x0000000086dce660}: 'void java.lang.invoke.DirectMethodHandle$Holder.invokeSpecial(java.lang.Object, java.lang.Object, java.lang.Object)'> (0x0000000086dce660) 
thrown [s\src\hotspot\share\interpreter\linkResolver.cpp, line 784]
Event: 0.343 Thread 0x0000028df8550d00 Exception <a 'java/lang/NoSuchMethodError'{0x0000000086d6c578}: 'void java.lang.invoke.DirectMethodHandle$Holder.invokeSpecial(java.lang.Object, java.lang.Object, java.lang.Object)'> (0x0000000086d6c578) 
thrown [s\src\hotspot\share\interpreter\linkResolver.cpp, line 784]
Event: 0.351 Thread 0x0000028df854f950 Exception <a 'java/lang/NoSuchMethodError'{0x0000000086c99dd8}: static [B.<clinit>()V> (0x0000000086c99dd8) 
thrown [s\src\hotspot\share\prims\jni.cpp, line 1144]
Event: 0.351 Thread 0x0000028df854df10 Exception <a 'java/lang/NoSuchMethodError'{0x0000000086b10098}: static [B.<clinit>()V> (0x0000000086b10098) 
thrown [s\src\hotspot\share\prims\jni.cpp, line 1144]
Event: 0.351 Thread 0x0000028df854f950 Exception <a 'java/lang/NoSuchMethodError'{0x0000000086c9b8b8}: 'long java.lang.invoke.DirectMethodHandle$Holder.invokeInterface(java.lang.Object, java.lang.Object)'> (0x0000000086c9b8b8) 
thrown [s\src\hotspot\share\interpreter\linkResolver.cpp, line 784]
Event: 0.352 Thread 0x0000028df854df10 Exception <a 'java/lang/NoSuchMethodError'{0x0000000086b11968}: 'int java.lang.invoke.DirectMethodHandle$Holder.invokeInterface(java.lang.Object, java.lang.Object)'> (0x0000000086b11968) 
thrown [s\src\hotspot\share\interpreter\linkResolver.cpp, line 784]
Event: 0.367 Thread 0x0000028df854f950 Exception <a 'java/lang/NoSuchMethodError'{0x0000000086b85b00}: static [Ljava/rmi/server/ObjID;.<clinit>()V> (0x0000000086b85b00) 
thrown [s\src\hotspot\share\prims\jni.cpp, line 1144]
Event: 0.368 Thread 0x0000028df8551390 Exception <a 'java/lang/NoSuchMethodError'{0x0000000086bed090}: 'java.lang.Object java.lang.invoke.DirectMethodHandle$Holder.invokeSpecial(java.lang.Object, java.lang.Object, int, java.lang.Object, long)'> (0x0000000086bed090) 
thrown [s\src\hotspot\share\interpreter\linkResolver.cpp, line 784]
Event: 0.369 Thread 0x0000028df8551390 Exception <a 'java/lang/NoSuchMethodError'{0x0000000086bf3e48}: 'java.lang.Object java.lang.invoke.DirectMethodHandle$Holder.newInvokeSpecial(java.lang.Object, java.lang.Object, int, java.lang.Object, long)'> (0x0000000086bf3e48) 
thrown [s\src\hotspot\share\interpreter\linkResolver.cpp, line 784]
Event: 0.370 Thread 0x0000028df854f950 Exception <a 'java/lang/NoSuchMethodError'{0x0000000086b9d0a8}: 'void java.lang.invoke.Invokers$Holder.linkToTargetMethod(java.lang.Object, java.lang.Object)'> (0x0000000086b9d0a8) 
thrown [s\src\hotspot\share\interpreter\linkResolver.cpp, line 784]
Event: 0.371 Thread 0x0000028df854f950 Exception <a 'java/lang/NoSuchMethodError'{0x0000000086ba1f00}: 'void java.lang.invoke.DirectMethodHandle$Holder.invokeInterface(java.lang.Object, java.lang.Object)'> (0x0000000086ba1f00) 
thrown [s\src\hotspot\share\interpreter\linkResolver.cpp, line 784]
Event: 0.388 Thread 0x0000028df854f950 Exception <a 'java/lang/NoSuchMethodError'{0x0000000086a86138}: 'java.lang.Object java.lang.invoke.DirectMethodHandle$Holder.invokeInterface(java.lang.Object, java.lang.Object, java.lang.Object, java.lang.Object, java.lang.Object)'> (0x0000000086a86138) 
thrown [s\src\hotspot\share\interpreter\linkResolver.cpp, line 784]
Event: 0.389 Thread 0x0000028df854f950 Exception <a 'java/lang/NoSuchMethodError'{0x0000000086a994f0}: 'java.lang.Object java.lang.invoke.Invokers$Holder.invokeExact_MT(java.lang.Object, java.lang.Object, java.lang.Object, java.lang.Object, java.lang.Object, java.lang.Object)'> (0x0000000086a994f0) 
thrown [s\src\hotspot\share\interpreter\linkResolver.cpp, line 784]
Event: 0.429 Thread 0x0000028df854f950 Exception <a 'java/lang/NoSuchMethodError'{0x0000000087e5fa40}: method resolution failed> (0x0000000087e5fa40) 
thrown [s\src\hotspot\share\prims\methodHandles.cpp, line 1144]
Event: 0.430 Thread 0x0000028df854f950 Exception <a 'java/lang/NoSuchMethodError'{0x0000000087e69a00}: 'java.lang.Object java.lang.invoke.Invokers$Holder.invokeExact_MT(java.lang.Object, java.lang.Object, java.lang.Object, java.lang.Object, java.lang.Object)'> (0x0000000087e69a00) 
thrown [s\src\hotspot\share\interpreter\linkResolver.cpp, line 784]
Event: 0.442 Thread 0x0000028df854f950 Exception <a 'java/lang/NoSuchMethodError'{0x0000000087d12ea0}: 'java.lang.Object java.lang.invoke.DirectMethodHandle$Holder.invokeVirtual(java.lang.Object, java.lang.Object, java.lang.Object, java.lang.Object)'> (0x0000000087d12ea0) 
thrown [s\src\hotspot\share\interpreter\linkResolver.cpp, line 784]
Event: 0.442 Thread 0x0000028df854f950 Exception <a 'java/lang/NoSuchMethodError'{0x0000000087d1aa68}: 'void java.lang.invoke.DirectMethodHandle$Holder.invokeStatic(java.lang.Object, java.lang.Object, java.lang.Object, java.lang.Object)'> (0x0000000087d1aa68) 
thrown [s\src\hotspot\share\interpreter\linkResolver.cpp, line 784]
Event: 0.447 Thread 0x0000028df854f950 Exception <a 'java/lang/IncompatibleClassChangeError'{0x0000000087d8a308}: Found class java.lang.Object, but interface was expected> (0x0000000087d8a308) 
thrown [s\src\hotspot\share\interpreter\linkResolver.cpp, line 851]
Event: 21.600 Thread 0x0000028df854f950 Exception <a 'java/net/ConnectException'{0x0000000087c1d738}: Connection timed out: connect> (0x0000000087c1d738) 
thrown [s\src\hotspot\share\prims\jni.cpp, line 572]

ZGC Phase Switch (0 events):
No events

VM Operations (16 events):
Event: 0.116 Executing VM operation: HandshakeAllThreads (Deoptimize)
Event: 0.116 Executing VM operation: HandshakeAllThreads (Deoptimize) done
Event: 0.202 Executing VM operation: HandshakeAllThreads (Deoptimize)
Event: 0.202 Executing VM operation: HandshakeAllThreads (Deoptimize) done
Event: 0.303 Executing VM operation: ICBufferFull
Event: 0.303 Executing VM operation: ICBufferFull done
Event: 0.391 Executing VM operation: HandshakeAllThreads (Deoptimize)
Event: 0.391 Executing VM operation: HandshakeAllThreads (Deoptimize) done
Event: 0.410 Executing VM operation: G1CollectForAllocation (G1 Evacuation Pause)
Event: 0.414 Executing VM operation: G1CollectForAllocation (G1 Evacuation Pause) done
Event: 2.415 Executing VM operation: Cleanup
Event: 2.415 Executing VM operation: Cleanup done
Event: 15.383 Executing VM operation: HandshakeAllThreads (Deoptimize)
Event: 15.383 Executing VM operation: HandshakeAllThreads (Deoptimize) done
Event: 18.424 Executing VM operation: Cleanup
Event: 18.424 Executing VM operation: Cleanup done

Memory protections (0 events):
No events

Nmethod flushes (0 events):
No events

Events (20 events):
Event: 0.113 Loaded shared library C:\Program Files\JetBrains\IntelliJ IDEA 2025.2\jbr\bin\jimage.dll
Event: 0.169 Thread 0x0000028db1a3ae50 Thread added: 0x0000028df80dd020
Event: 0.236 Thread 0x0000028db1a3ae50 Thread added: 0x0000028df80aae50
Event: 0.294 Loaded shared library C:\Program Files\JetBrains\IntelliJ IDEA 2025.2\jbr\bin\extnet.dll
Event: 0.299 Thread 0x0000028d964f6120 Thread added: 0x0000028db1a230a0
Event: 0.307 Thread 0x0000028d964f6120 Thread added: 0x0000028db1a23730
Event: 0.308 Thread 0x0000028d964f6120 Thread added: 0x0000028db1a23dc0
Event: 0.310 Loaded shared library C:\Program Files\JetBrains\IntelliJ IDEA 2025.2\jbr\bin\rmi.dll
Event: 0.310 Thread 0x0000028d964f6120 Thread added: 0x0000028db1a21cf0
Event: 0.325 Thread 0x0000028db1a230a0 Thread added: 0x0000028df8550670
Event: 0.325 Thread 0x0000028db1a230a0 Thread added: 0x0000028df8550d00
Event: 0.345 Thread 0x0000028df8550d00 Thread added: 0x0000028df854e5a0
Event: 0.346 Thread 0x0000028db1a23730 Thread added: 0x0000028df854f950
Event: 0.346 Thread 0x0000028db1a23730 Thread added: 0x0000028df854df10
Event: 0.363 Thread 0x0000028df854f950 Thread added: 0x0000028df8551390
Event: 5.455 Thread 0x0000028df80dd020 Thread exited: 0x0000028df80dd020
Event: 5.455 Thread 0x0000028db1d65430 Thread exited: 0x0000028db1d65430
Event: 5.455 Thread 0x0000028df80aae50 Thread exited: 0x0000028df80aae50
Event: 9.353 Thread 0x0000028db1c74730 Thread exited: 0x0000028db1c74730
Event: 14.367 Thread 0x0000028db1c74080 Thread exited: 0x0000028db1c74080


Dynamic libraries:
0x00007ff7ac590000 - 0x00007ff7ac59a000 	C:\Program Files\JetBrains\IntelliJ IDEA 2025.2\jbr\bin\java.exe
0x00007ffac1480000 - 0x00007ffac16e7000 	C:\WINDOWS\SYSTEM32\ntdll.dll
0x00007ffabf430000 - 0x00007ffabf4f9000 	C:\WINDOWS\System32\KERNEL32.DLL
0x00007ffabe950000 - 0x00007ffabed3f000 	C:\WINDOWS\System32\KERNELBASE.dll
0x00007ffabe5d0000 - 0x00007ffabe71b000 	C:\WINDOWS\System32\ucrtbase.dll
0x00007ffa9cc20000 - 0x00007ffa9cc3b000 	C:\Program Files\JetBrains\IntelliJ IDEA 2025.2\jbr\bin\VCRUNTIME140.dll
0x00007ffaa7940000 - 0x00007ffaa7958000 	C:\Program Files\JetBrains\IntelliJ IDEA 2025.2\jbr\bin\jli.dll
0x00007ffabf260000 - 0x00007ffabf425000 	C:\WINDOWS\System32\USER32.dll
0x00007ffabf0c0000 - 0x00007ffabf0e7000 	C:\WINDOWS\System32\win32u.dll
0x00007ffabf720000 - 0x00007ffabf74b000 	C:\WINDOWS\System32\GDI32.dll
0x00007ffabf0f0000 - 0x00007ffabf21c000 	C:\WINDOWS\System32\gdi32full.dll
0x00007ffabef60000 - 0x00007ffabf003000 	C:\WINDOWS\System32\msvcp_win.dll
0x00007ffaa5700000 - 0x00007ffaa5993000 	C:\WINDOWS\WinSxS\amd64_microsoft.windows.common-controls_6595b64144ccf1df_6.0.26100.7309_none_3e05feeae336a044\COMCTL32.dll
0x00007ffac06c0000 - 0x00007ffac0769000 	C:\WINDOWS\System32\msvcrt.dll
0x00007ffabf220000 - 0x00007ffabf251000 	C:\WINDOWS\System32\IMM32.DLL
0x00007ffabb3d0000 - 0x00007ffabb3dc000 	C:\Program Files\JetBrains\IntelliJ IDEA 2025.2\jbr\bin\vcruntime140_1.dll
0x00007ffaa78b0000 - 0x00007ffaa793d000 	C:\Program Files\JetBrains\IntelliJ IDEA 2025.2\jbr\bin\msvcp140.dll
0x00007ff9ec900000 - 0x00007ff9ed6c4000 	C:\Program Files\JetBrains\IntelliJ IDEA 2025.2\jbr\bin\server\jvm.dll
0x00007ffac0770000 - 0x00007ffac0824000 	C:\WINDOWS\System32\ADVAPI32.dll
0x00007ffabff50000 - 0x00007ffabfff6000 	C:\WINDOWS\System32\sechost.dll
0x00007ffabf5f0000 - 0x00007ffabf708000 	C:\WINDOWS\System32\RPCRT4.dll
0x00007ffac0000000 - 0x00007ffac0074000 	C:\WINDOWS\System32\WS2_32.dll
0x00007ffabe430000 - 0x00007ffabe48e000 	C:\WINDOWS\SYSTEM32\POWRPROF.dll
0x00007ffab1670000 - 0x00007ffab16a5000 	C:\WINDOWS\SYSTEM32\WINMM.dll
0x00007ffab1910000 - 0x00007ffab191b000 	C:\WINDOWS\SYSTEM32\VERSION.dll
0x00007ffabe410000 - 0x00007ffabe424000 	C:\WINDOWS\SYSTEM32\UMPDC.dll
0x00007ffabd340000 - 0x00007ffabd35b000 	C:\WINDOWS\SYSTEM32\kernel.appcore.dll
0x00007ffaac8e0000 - 0x00007ffaac8ea000 	C:\Program Files\JetBrains\IntelliJ IDEA 2025.2\jbr\bin\jimage.dll
0x00007ffab00a0000 - 0x00007ffab02e2000 	C:\WINDOWS\SYSTEM32\DBGHELP.DLL
0x00007ffac00f0000 - 0x00007ffac0476000 	C:\WINDOWS\System32\combase.dll
0x00007ffac0480000 - 0x00007ffac0556000 	C:\WINDOWS\System32\OLEAUT32.dll
0x00007ffaa6200000 - 0x00007ffaa623c000 	C:\WINDOWS\SYSTEM32\dbgcore.DLL
0x00007ffabf010000 - 0x00007ffabf0b5000 	C:\WINDOWS\System32\bcryptPrimitives.dll
0x00007ffa9cb80000 - 0x00007ffa9cba0000 	C:\Program Files\JetBrains\IntelliJ IDEA 2025.2\jbr\bin\java.dll
0x00007ffabf7f0000 - 0x00007ffabff43000 	C:\WINDOWS\System32\SHELL32.dll
0x00007ffabe7e0000 - 0x00007ffabe94a000 	C:\WINDOWS\System32\wintypes.dll
0x00007ffabc190000 - 0x00007ffabc9ee000 	C:\WINDOWS\SYSTEM32\windows.storage.dll
0x00007ffac0830000 - 0x00007ffac0925000 	C:\WINDOWS\System32\SHCORE.dll
0x00007ffac0080000 - 0x00007ffac00e6000 	C:\WINDOWS\System32\shlwapi.dll
0x00007ffabe4f0000 - 0x00007ffabe519000 	C:\WINDOWS\SYSTEM32\profapi.dll
0x00007ffa9ca40000 - 0x00007ffa9ca58000 	C:\Program Files\JetBrains\IntelliJ IDEA 2025.2\jbr\bin\zip.dll
0x00007ffaa93d0000 - 0x00007ffaa93e0000 	C:\Program Files\JetBrains\IntelliJ IDEA 2025.2\jbr\bin\net.dll
0x00007ffab7f20000 - 0x00007ffab8048000 	C:\WINDOWS\SYSTEM32\WINHTTP.dll
0x00007ffabd890000 - 0x00007ffabd8fb000 	C:\WINDOWS\system32\mswsock.dll
0x00007ffa9ca20000 - 0x00007ffa9ca36000 	C:\Program Files\JetBrains\IntelliJ IDEA 2025.2\jbr\bin\nio.dll
0x00007ffabdc80000 - 0x00007ffabdc9b000 	C:\WINDOWS\SYSTEM32\CRYPTSP.dll
0x00007ffabd2a0000 - 0x00007ffabd2da000 	C:\WINDOWS\system32\rsaenh.dll
0x00007ffabd940000 - 0x00007ffabd96b000 	C:\WINDOWS\SYSTEM32\USERENV.dll
0x00007ffabe4c0000 - 0x00007ffabe4ea000 	C:\WINDOWS\SYSTEM32\bcrypt.dll
0x00007ffabdae0000 - 0x00007ffabdaec000 	C:\WINDOWS\SYSTEM32\CRYPTBASE.dll
0x00007ffabccd0000 - 0x00007ffabcd04000 	C:\WINDOWS\SYSTEM32\IPHLPAPI.DLL
0x00007ffabf710000 - 0x00007ffabf71a000 	C:\WINDOWS\System32\NSI.dll
0x00007ffa9c9f0000 - 0x00007ffa9c9f9000 	C:\Program Files\JetBrains\IntelliJ IDEA 2025.2\jbr\bin\extnet.dll
0x00007ffaaba40000 - 0x00007ffaaba47000 	C:\Program Files\JetBrains\IntelliJ IDEA 2025.2\jbr\bin\rmi.dll
0x00007ffabcd10000 - 0x00007ffabce3c000 	C:\WINDOWS\SYSTEM32\DNSAPI.dll
0x00007ffab8390000 - 0x00007ffab8416000 	C:\WINDOWS\System32\fwpuclnt.dll
0x00007ffab6150000 - 0x00007ffab615b000 	C:\Windows\System32\rasadhlp.dll

dbghelp: loaded successfully - version: 4.0.5 - missing functions: none
symbol engine: initialized successfully - sym options: 0x614 - pdb path: .;C:\Program Files\JetBrains\IntelliJ IDEA 2025.2\jbr\bin;C:\WINDOWS\SYSTEM32;C:\WINDOWS\WinSxS\amd64_microsoft.windows.common-controls_6595b64144ccf1df_6.0.26100.7309_none_3e05feeae336a044;C:\Program Files\JetBrains\IntelliJ IDEA 2025.2\jbr\bin\server

VM Arguments:
jvm_args: -Djava.net.preferIPv4Stack=true -Djava.net.preferIPv4Stack=true -Djava.rmi.server.hostname=127.0.0.1 -Duser.timezone=UTC -Xmx2048m -Xms128m -Djdbc.classpath=C:\Users\USER\AppData\Local\Temp\RemoteDriver10.classpath.txt --add-exports=java.desktop/sun.awt=ALL-UNNAMED --add-exports=java.desktop/java.awt.peer=ALL-UNNAMED --add-opens=java.desktop/java.awt=ALL-UNNAMED --add-opens=jdk.unsupported/sun.misc=ALL-UNNAMED --add-opens=java.base/java.nio=ALL-UNNAMED --add-opens=java.base/java.util=ALL-UNNAMED -Dfile.encoding=UTF-8 -Dsun.stdout.encoding=UTF-8 -Dsun.stderr.encoding=UTF-8 
java_command: com.intellij.database.remote.RemoteJdbcServer org.postgresql.Driver
java_class_path (initial): C:\Program Files\JetBrains\IntelliJ IDEA 2025.2\lib\util_rt.jar;C:\Program Files\JetBrains\IntelliJ IDEA 2025.2\lib\util-8.jar;C:\Program Files\JetBrains\IntelliJ IDEA 2025.2\lib\groovy.jar;C:\Program Files\JetBrains\IntelliJ IDEA 2025.2\plugins\DatabaseTools\lib\jdbc-console.jar;C:\Program Files\JetBrains\IntelliJ IDEA 2025.2\lib\modules\intellij.grid.types.jar;C:\Program Files\JetBrains\IntelliJ IDEA 2025.2\lib\util.jar;C:\Program Files\JetBrains\IntelliJ IDEA 2025.2\lib\bouncy-castle.jar
Launcher Type: SUN_STANDARD

[Global flags]
     intx CICompilerCount                          = 12                                        {product} {ergonomic}
     uint ConcGCThreads                            = 3                                         {product} {ergonomic}
     uint G1ConcRefinementThreads                  = 13                                        {product} {ergonomic}
   size_t G1HeapRegionSize                         = 1048576                                   {product} {ergonomic}
    uintx GCDrainStackTargetSize                   = 64                                        {product} {ergonomic}
   size_t InitialHeapSize                          = 134217728                                 {product} {command line}
   size_t MarkStackSize                            = 4194304                                   {product} {ergonomic}
   size_t MaxHeapSize                              = 2147483648                                {product} {command line}
   size_t MaxNewSize                               = 1287651328                                {product} {ergonomic}
   size_t MinHeapDeltaBytes                        = 1048576                                   {product} {ergonomic}
   size_t MinHeapSize                              = 134217728                                 {product} {command line}
    uintx NonNMethodCodeHeapSize                   = 7602480                                {pd product} {ergonomic}
    uintx NonProfiledCodeHeapSize                  = 122027880                              {pd product} {ergonomic}
    uintx ProfiledCodeHeapSize                     = 122027880                              {pd product} {ergonomic}
    uintx ReservedCodeCacheSize                    = 251658240                              {pd product} {ergonomic}
     bool SegmentedCodeCache                       = true                                      {product} {ergonomic}
   size_t SoftMaxHeapSize                          = 2147483648                             {manageable} {ergonomic}
     bool UseCompressedOops                        = true                           {product lp64_product} {ergonomic}
     bool UseG1GC                                  = true                                      {product} {ergonomic}
     bool UseLargePagesIndividualAllocation        = false                                  {pd product} {ergonomic}

Logging:
Log output configuration:
 #0: stdout all=warning uptime,level,tags foldmultilines=false
 #1: stderr all=off uptime,level,tags foldmultilines=false

Environment Variables:
JAVA_HOME=C:\Chamomile\Java\java-1.8.0-openjdk
JAVA_TOOL_OPTIONS=-Djava.net.preferIPv4Stack=true
PATH=C:\Program Files (x86)\Common Files\Oracle\Java\javapath;C:\Python313\Scripts\;C:\Python313\;C:\WINDOWS\system32;C:\WINDOWS;C:\WINDOWS\System32\Wbem;C:\WINDOWS\System32\WindowsPowerShell\v1.0\;C:\WINDOWS\System32\OpenSSH\;C:\ProgramData\chocolatey\bin;C:\Program Files\nodejs\;C:\Program Files\Git\cmd;C:\Program Files\Amazon\AWSCLIV2\;C:\Program Files\Docker\Docker\resources\bin;C:\Users\USER\AppData\Local\Microsoft\WindowsApps;C:\Users\USER\AppData\Local\Programs\Microsoft VS Code\bin;C:\Users\USER\AppData\Roaming\npm;C:\Chamomile\Java\java-1.8.0-openjdk\bin;C:\Chamomile\Java\java-1.8.0-openjdk\missioncontrol;C:\Users\USER\AppData\Roaming\Python\Python313\Scripts;
USERNAME=USER
OS=Windows_NT
PROCESSOR_IDENTIFIER=AMD64 Family 25 Model 117 Stepping 2, AuthenticAMD
TMP=C:\Users\USER\AppData\Local\Temp
TEMP=C:\Users\USER\AppData\Local\Temp




Periodic native trim disabled

JNI global refs:
JNI global refs: 26, weak refs: 0

JNI global refs memory usage: 835, weak refs: 201

Process memory usage:
Resident Set Size: 100760K (0% of 32814524K total physical memory with 7923744K free physical memory)

OOME stack traces (most recent first):
Classloader memory used:
Loader bootstrap                                                                       : 2588K
Loader jdk.internal.loader.ClassLoaders$AppClassLoader                                 : 2489K
Loader com.intellij.database.remote.jdbc.impl.JdbcClassLoader$JdbcClassLoaderImpl      : 350K
Loader jdk.internal.loader.ClassLoaders$PlatformClassLoader                            : 258K
Loader jdk.internal.reflect.DelegatingClassLoader                                      : 79592B

---------------  S Y S T E M  ---------------

OS:
 Windows 11 , 64 bit Build 26100 (10.0.26100.7623)
OS uptime: 0 days 5:51 hours
Hyper-V role detected

CPU: total 16 (initial active 16) (16 cores per cpu, 2 threads per core) family 25 model 117 stepping 2 microcode 0xa70520a, cx8, cmov, fxsr, ht, mmx, 3dnowpref, sse, sse2, sse3, ssse3, sse4a, sse4.1, sse4.2, popcnt, lzcnt, tsc, tscinvbit, avx, avx2, aes, erms, clmul, bmi1, bmi2, adx, avx512f, avx512dq, avx512cd, avx512bw, avx512vl, sha, fma, vzeroupper, avx512_vpopcntdq, avx512_vpclmulqdq, avx512_vaes, avx512_vnni, clflush, clflushopt, avx512_vbmi2, avx512_vbmi, hv, rdtscp, rdpid, fsrm, gfni, avx512_bitalg, f16c, cet_ss, avx512_ifma
Processor Information for the first 16 processors :
  Max Mhz: 3801, Current Mhz: 3046, Mhz Limit: 3801

Memory: 4k page, system-wide physical 32045M (7738M free)
TotalPageFile size 64813M (AvailPageFile size 32786M)
current process WorkingSet (physical memory assigned to process): 98M, peak: 103M
current process commit charge ("private bytes"): 247M, peak: 254M

vm_info: OpenJDK 64-Bit Server VM (21.0.7+6-b1038.58) for windows-amd64 JRE (21.0.7+6-b1038.58), built on 2025-07-07 by "builduser" with MS VC++ 16.10 / 16.11 (VS2019)

END.
